Archive member included to satisfy reference by file (symbol)

/opt/st/stm32cubeide_1.12.0/plugins/com.st.stm32cube.ide.mcu.externaltools.gnu-tools-for-stm32.10.3-2021.10.linux64_1.0.200.202301161003/tools/bin/../lib/gcc/arm-none-eabi/10.3.1/../../../../arm-none-eabi/lib/thumb/v7-m/nofp/libc_nano.a(lib_a-errno.o)
                              ./Core/Src/syscalls.o (__errno)
/opt/st/stm32cubeide_1.12.0/plugins/com.st.stm32cube.ide.mcu.externaltools.gnu-tools-for-stm32.10.3-2021.10.linux64_1.0.200.202301161003/tools/bin/../lib/gcc/arm-none-eabi/10.3.1/../../../../arm-none-eabi/lib/thumb/v7-m/nofp/libc_nano.a(lib_a-exit.o)
                              /opt/st/stm32cubeide_1.12.0/plugins/com.st.stm32cube.ide.mcu.externaltools.gnu-tools-for-stm32.10.3-2021.10.linux64_1.0.200.202301161003/tools/bin/../lib/gcc/arm-none-eabi/10.3.1/../../../../arm-none-eabi/lib/thumb/v7-m/nofp/crt0.o (exit)
/opt/st/stm32cubeide_1.12.0/plugins/com.st.stm32cube.ide.mcu.externaltools.gnu-tools-for-stm32.10.3-2021.10.linux64_1.0.200.202301161003/tools/bin/../lib/gcc/arm-none-eabi/10.3.1/../../../../arm-none-eabi/lib/thumb/v7-m/nofp/libc_nano.a(lib_a-findfp.o)
                              ./Middlewares/Third_Party/FreeRTOS/Source/tasks.o (__sf_fake_stderr)
/opt/st/stm32cubeide_1.12.0/plugins/com.st.stm32cube.ide.mcu.externaltools.gnu-tools-for-stm32.10.3-2021.10.linux64_1.0.200.202301161003/tools/bin/../lib/gcc/arm-none-eabi/10.3.1/../../../../arm-none-eabi/lib/thumb/v7-m/nofp/libc_nano.a(lib_a-fwalk.o)
                              /opt/st/stm32cubeide_1.12.0/plugins/com.st.stm32cube.ide.mcu.externaltools.gnu-tools-for-stm32.10.3-2021.10.linux64_1.0.200.202301161003/tools/bin/../lib/gcc/arm-none-eabi/10.3.1/../../../../arm-none-eabi/lib/thumb/v7-m/nofp/libc_nano.a(lib_a-findfp.o) (_fwalk)
/opt/st/stm32cubeide_1.12.0/plugins/com.st.stm32cube.ide.mcu.externaltools.gnu-tools-for-stm32.10.3-2021.10.linux64_1.0.200.202301161003/tools/bin/../lib/gcc/arm-none-eabi/10.3.1/../../../../arm-none-eabi/lib/thumb/v7-m/nofp/libc_nano.a(lib_a-impure.o)
                              /opt/st/stm32cubeide_1.12.0/plugins/com.st.stm32cube.ide.mcu.externaltools.gnu-tools-for-stm32.10.3-2021.10.linux64_1.0.200.202301161003/tools/bin/../lib/gcc/arm-none-eabi/10.3.1/../../../../arm-none-eabi/lib/thumb/v7-m/nofp/libc_nano.a(lib_a-exit.o) (_global_impure_ptr)
/opt/st/stm32cubeide_1.12.0/plugins/com.st.stm32cube.ide.mcu.externaltools.gnu-tools-for-stm32.10.3-2021.10.linux64_1.0.200.202301161003/tools/bin/../lib/gcc/arm-none-eabi/10.3.1/../../../../arm-none-eabi/lib/thumb/v7-m/nofp/libc_nano.a(lib_a-init.o)
                              /opt/st/stm32cubeide_1.12.0/plugins/com.st.stm32cube.ide.mcu.externaltools.gnu-tools-for-stm32.10.3-2021.10.linux64_1.0.200.202301161003/tools/bin/../lib/gcc/arm-none-eabi/10.3.1/../../../../arm-none-eabi/lib/thumb/v7-m/nofp/crt0.o (__libc_init_array)
/opt/st/stm32cubeide_1.12.0/plugins/com.st.stm32cube.ide.mcu.externaltools.gnu-tools-for-stm32.10.3-2021.10.linux64_1.0.200.202301161003/tools/bin/../lib/gcc/arm-none-eabi/10.3.1/../../../../arm-none-eabi/lib/thumb/v7-m/nofp/libc_nano.a(lib_a-lock.o)
                              /opt/st/stm32cubeide_1.12.0/plugins/com.st.stm32cube.ide.mcu.externaltools.gnu-tools-for-stm32.10.3-2021.10.linux64_1.0.200.202301161003/tools/bin/../lib/gcc/arm-none-eabi/10.3.1/../../../../arm-none-eabi/lib/thumb/v7-m/nofp/libc_nano.a(lib_a-findfp.o) (__retarget_lock_init_recursive)
/opt/st/stm32cubeide_1.12.0/plugins/com.st.stm32cube.ide.mcu.externaltools.gnu-tools-for-stm32.10.3-2021.10.linux64_1.0.200.202301161003/tools/bin/../lib/gcc/arm-none-eabi/10.3.1/../../../../arm-none-eabi/lib/thumb/v7-m/nofp/libc_nano.a(lib_a-memcpy-stub.o)
                              ./Middlewares/Third_Party/FreeRTOS/Source/queue.o (memcpy)
/opt/st/stm32cubeide_1.12.0/plugins/com.st.stm32cube.ide.mcu.externaltools.gnu-tools-for-stm32.10.3-2021.10.linux64_1.0.200.202301161003/tools/bin/../lib/gcc/arm-none-eabi/10.3.1/../../../../arm-none-eabi/lib/thumb/v7-m/nofp/libc_nano.a(lib_a-memset.o)
                              /opt/st/stm32cubeide_1.12.0/plugins/com.st.stm32cube.ide.mcu.externaltools.gnu-tools-for-stm32.10.3-2021.10.linux64_1.0.200.202301161003/tools/bin/../lib/gcc/arm-none-eabi/10.3.1/../../../../arm-none-eabi/lib/thumb/v7-m/nofp/crt0.o (memset)
/opt/st/stm32cubeide_1.12.0/plugins/com.st.stm32cube.ide.mcu.externaltools.gnu-tools-for-stm32.10.3-2021.10.linux64_1.0.200.202301161003/tools/bin/../lib/gcc/arm-none-eabi/10.3.1/../../../../arm-none-eabi/lib/thumb/v7-m/nofp/libc_nano.a(lib_a-nano-mallocr.o)
                              /opt/st/stm32cubeide_1.12.0/plugins/com.st.stm32cube.ide.mcu.externaltools.gnu-tools-for-stm32.10.3-2021.10.linux64_1.0.200.202301161003/tools/bin/../lib/gcc/arm-none-eabi/10.3.1/../../../../arm-none-eabi/lib/thumb/v7-m/nofp/libc_nano.a(lib_a-findfp.o) (_malloc_r)
[...]
Memory Configuration

Name             Origin             Length             Attributes
RAM              0x0000000020000000 0x0000000000002800 xrw
FLASH            0x0000000008000000 0x0000000000008000 xr
*default*        0x0000000000000000 0xffffffffffffffff

Linker script and memory map

LOAD /opt/st/stm32cubeide_1.12.0/plugins/com.st.stm32cube.ide.mcu.externaltools.gnu-tools-for-stm32.10.3-2021.10.linux64_1.0.200.202301161003/tools/bin/../lib/gcc/arm-none-eabi/10.3.1/thumb/v7-m/nofp/crti.o
LOAD /opt/st/stm32cubeide_1.12.0/plugins/com.st.stm32cube.ide.mcu.externaltools.gnu-tools-for-stm32.10.3-2021.10.linux64_1.0.200.202301161003/tools/bin/../lib/gcc/arm-none-eabi/10.3.1/thumb/v7-m/nofp/crtbegin.o
LOAD /opt/st/stm32cubeide_1.12.0/plugins/com.st.stm32cube.ide.mcu.externaltools.gnu-tools-for-stm32.10.3-2021.10.linux64_1.0.200.202301161003/tools/bin/../lib/gcc/arm-none-eabi/10.3.1/../../../../arm-none-eabi/lib/thumb/v7-m/nofp/crt0.o
LOAD ./Core/Src/freertos.o
LOAD ./Core/Src/main.o
LOAD ./Core/Src/stm32f1xx_hal_msp.o
LOAD ./Core/Src/stm32f1xx_it.o
LOAD ./Core/Src/syscalls.o
LOAD ./Core/Src/sysmem.o
LOAD ./Core/Src/system_stm32f1xx.o
LOAD ./Core/Startup/startup_stm32f103c6tx.o
LOAD ./Drivers/STM32F1xx_HAL_Driver/Src/stm32f1xx_hal.o
LOAD ./Drivers/STM32F1xx_HAL_Driver/Src/stm32f1xx_hal_adc.o
LOAD ./Drivers/STM32F1xx_HAL_Driver/Src/stm32f1xx_hal_adc_ex.o
LOAD ./Drivers/STM32F1xx_HAL_Driver/Src/stm32f1xx_hal_can.o
LOAD ./Drivers/STM32F1xx_HAL_Driver/Src/stm32f1xx_hal_cortex.o
LOAD ./Drivers/STM32F1xx_HAL_Driver/Src/stm32f1xx_hal_dma.o
LOAD ./Drivers/STM32F1xx_HAL_Driver/Src/stm32f1xx_hal_exti.o
LOAD ./Drivers/STM32F1xx_HAL_Driver/Src/stm32f1xx_hal_flash.o
LOAD ./Drivers/STM32F1xx_HAL_Driver/Src/stm32f1xx_hal_flash_ex.o
LOAD ./Drivers/STM32F1xx_HAL_Driver/Src/stm32f1xx_hal_gpio.o
LOAD ./Drivers/STM32F1xx_HAL_Driver/Src/stm32f1xx_hal_gpio_ex.o
LOAD ./Drivers/STM32F1xx_HAL_Driver/Src/stm32f1xx_hal_pwr.o
LOAD ./Drivers/STM32F1xx_HAL_Driver/Src/stm32f1xx_hal_rcc.o
LOAD ./Drivers/STM32F1xx_HAL_Driver/Src/stm32f1xx_hal_rcc_ex.o
LOAD ./Drivers/STM32F1xx_HAL_Driver/Src/stm32f1xx_hal_tim.o
LOAD ./Drivers/STM32F1xx_HAL_Driver/Src/stm32f1xx_hal_tim_ex.o
LOAD ./Middlewares/Third_Party/FreeRTOS/Source/CMSIS_RTOS/cmsis_os.o
LOAD ./Middlewares/Third_Party/FreeRTOS/Source/croutine.o
LOAD ./Middlewares/Third_Party/FreeRTOS/Source/event_groups.o
LOAD ./Middlewares/Third_Party/FreeRTOS/Source/list.o
LOAD ./Middlewares/Third_Party/FreeRTOS/Source/queue.o
LOAD ./Middlewares/Third_Party/FreeRTOS/Source/stream_buffer.o
LOAD ./Middlewares/Third_Party/FreeRTOS/Source/tasks.o
LOAD ./Middlewares/Third_Party/FreeRTOS/Source/timers.o
LOAD ./Middlewares/Third_Party/FreeRTOS/Source/portable/GCC/ARM_CM3/port.o
LOAD ./Middlewares/Third_Party/FreeRTOS/Source/portable/MemMang/heap_4.o
START GROUP
LOAD /opt/st/stm32cubeide_1.12.0/plugins/com.st.stm32cube.ide.mcu.externaltools.gnu-tools-for-stm32.10.3-2021.10.linux64_1.0.200.202301161003/tools/bin/../lib/gcc/arm-none-eabi/10.3.1/../../../../arm-none-eabi/lib/thumb/v7-m/nofp/libc_nano.a
LOAD /opt/st/stm32cubeide_1.12.0/plugins/com.st.stm32cube.ide.mcu.externaltools.gnu-tools-for-stm32.10.3-2021.10.linux64_1.0.200.202301161003/tools/bin/../lib/gcc/arm-none-eabi/10.3.1/../../../../arm-none-eabi/lib/thumb/v7-m/nofp/libm.a
END GROUP
START GROUP
LOAD /opt/st/stm32cubeide_1.12.0/plugins/com.st.stm32cube.ide.mcu.externaltools.gnu-tools-for-stm32.10.3-2021.10.linux64_1.0.200.202301161003/tools/bin/../lib/gcc/arm-none-eabi/10.3.1/thumb/v7-m/nofp/libgcc.a
LOAD /opt/st/stm32cubeide_1.12.0/plugins/com.st.stm32cube.ide.mcu.externaltools.gnu-tools-for-stm32.10.3-2021.10.linux64_1.0.200.202301161003/tools/bin/../lib/gcc/arm-none-eabi/10.3.1/../../../../arm-none-eabi/lib/thumb/v7-m/nofp/libc_nano.a
END GROUP
START GROUP
LOAD /opt/st/stm32cubeide_1.12.0/plugins/com.st.stm32cube.ide.mcu.externaltools.gnu-tools-for-stm32.10.3-2021.10.linux64_1.0.200.202301161003/tools/bin/../lib/gcc/arm-none-eabi/10.3.1/thumb/v7-m/nofp/libgcc.a
LOAD /opt/st/stm32cubeide_1.12.0/plugins/com.st.stm32cube.ide.mcu.externaltools.gnu-tools-for-stm32.10.3-2021.10.linux64_1.0.200.202301161003/tools/bin/../lib/gcc/arm-none-eabi/10.3.1/../../../../arm-none-eabi/lib/thumb/v7-m/nofp/libc_nano.a
LOAD /opt/st/stm32cubeide_1.12.0/plugins/com.st.stm32cube.ide.mcu.externaltools.gnu-tools-for-stm32.10.3-2021.10.linux64_1.0.200.202301161003/tools/bin/../lib/gcc/arm-none-eabi/10.3.1/../../../../arm-none-eabi/lib/thumb/v7-m/nofp/libnosys.a
END GROUP
START GROUP
LOAD /opt/st/stm32cubeide_1.12.0/plugins/com.st.stm32cube.ide.mcu.externaltools.gnu-tools-for-stm32.10.3-2021.10.linux64_1.0.200.202301161003/tools/bin/../lib/gcc/arm-none-eabi/10.3.1/thumb/v7-m/nofp/libgcc.a
LOAD /opt/st/stm32cubeide_1.12.0/plugins/com.st.stm32cube.ide.mcu.externaltools.gnu-tools-for-stm32.10.3-2021.10.linux64_1.0.200.202301161003/tools/bin/../lib/gcc/arm-none-eabi/10.3.1/../../../../arm-none-eabi/lib/thumb/v7-m/nofp/libc_nano.a
LOAD /opt/st/stm32cubeide_1.12.0/plugins/com.st.stm32cube.ide.mcu.externaltools.gnu-tools-for-stm32.10.3-2021.10.linux64_1.0.200.202301161003/tools/bin/../lib/gcc/arm-none-eabi/10.3.1/../../../../arm-none-eabi/lib/thumb/v7-m/nofp/libnosys.a
END GROUP
LOAD /opt/st/stm32cubeide_1.12.0/plugins/com.st.stm32cube.ide.mcu.externaltools.gnu-tools-for-stm32.10.3-2021.10.linux64_1.0.200.202301161003/tools/bin/../lib/gcc/arm-none-eabi/10.3.1/thumb/v7-m/nofp/crtend.o
LOAD /opt/st/stm32cubeide_1.12.0/plugins/com.st.stm32cube.ide.mcu.externaltools.gnu-tools-for-stm32.10.3-2021.10.linux64_1.0.200.202301161003/tools/bin/../lib/gcc/arm-none-eabi/10.3.1/thumb/v7-m/nofp/crtn.o
                0x0000000020002800                _estack = (ORIGIN (RAM) + LENGTH (RAM))
                0x0000000000000200                _Min_Heap_Size = 0x200
                0x0000000000000400                _Min_Stack_Size = 0x400

.isr_vector     0x0000000008000000      0x10c
                0x0000000008000000                . = ALIGN (0x4)
 *(.isr_vector)
 .isr_vector    0x0000000008000000      0x10c ./Core/Startup/startup_stm32f103c6tx.o
                0x0000000008000000                g_pfnVectors
                0x000000000800010c                . = ALIGN (0x4)

.text           0x0000000008000110     0x5ee0
                0x0000000008000110                . = ALIGN (0x4)
 *(.text)
 .text          0x0000000008000110       0x40 /opt/st/stm32cubeide_1.12.0/plugins/com.st.stm32cube.ide.mcu.externaltools.gnu-tools-for-stm32.10.3-2021.10.linux64_1.0.200.202301161003/tools/bin/../lib/gcc/arm-none-eabi/10.3.1/thumb/v7-m/nofp/crtbegin.o
 .text          0x0000000008000150      0x378 /opt/st/stm32cubeide_1.12.0/plugins/com.st.stm32cube.ide.mcu.externaltools.gnu-tools-for-stm32.10.3-2021.10.linux64_1.0.200.202301161003/tools/bin/../lib/gcc/arm-none-eabi/10.3.1/thumb/v7-m/nofp/libgcc.a(_arm_addsubdf3.o)
                0x0000000008000150                __aeabi_drsub
                0x0000000008000158                __aeabi_dsub
                0x0000000008000158                __subdf3
                0x000000000800015c                __adddf3
                0x000000000800015c                __aeabi_dadd
                0x00000000080003d4                __aeabi_ui2d
                0x00000000080003d4                __floatunsidf
                0x00000000080003f4                __floatsidf
                0x00000000080003f4                __aeabi_i2d
                0x0000000008000418                __extendsfdf2
                0x0000000008000418                __aeabi_f2d
                0x000000000800045c                __aeabi_ul2d
                0x000000000800045c                __floatundidf
                0x000000000800046c                __floatdidf
                0x000000000800046c                __aeabi_l2d
 .text          0x00000000080004c8      0x424 /opt/st/stm32cubeide_1.12.0/plugins/com.st.stm32cube.ide.mcu.externaltools.gnu-tools-for-stm32.10.3-2021.10.linux64_1.0.200.202301161003/tools/bin/../lib/gcc/arm-none-eabi/10.3.1/thumb/v7-m/nofp/libgcc.a(_arm_muldivdf3.o)
                0x00000000080004c8                __aeabi_dmul
                0x00000000080004c8                __muldf3
                0x000000000800071c                __aeabi_ddiv
                0x000000000800071c                __divdf3
 .text          0x00000000080008ec       0x40 /opt/st/stm32cubeide_1.12.0/plugins/com.st.stm32cube.ide.mcu.externaltools.gnu-tools-for-stm32.10.3-2021.10.linux64_1.0.200.202301161003/tools/bin/../lib/gcc/arm-none-eabi/10.3.1/thumb/v7-m/nofp/libgcc.a(_arm_fixunsdfsi.o)
                0x00000000080008ec                __fixunsdfsi
                0x00000000080008ec                __aeabi_d2uiz
 .text          0x000000000800092c      0x21c /opt/st/stm32cubeide_1.12.0/plugins/com.st.stm32cube.ide.mcu.externaltools.gnu-tools-for-stm32.10.3-2021.10.linux64_1.0.200.202301161003/tools/bin/../lib/gcc/arm-none-eabi/10.3.1/thumb/v7-m/nofp/libgcc.a(_arm_addsubsf3.o)
                0x000000000800092c                __aeabi_frsub
                0x0000000008000934                __subsf3
                0x0000000008000934                __aeabi_fsub
                0x0000000008000938                __aeabi_fadd
                0x0000000008000938                __addsf3
                0x0000000008000a98                __aeabi_ui2f
                0x0000000008000a98                __floatunsisf
                0x0000000008000aa0                __aeabi_i2f
                0x0000000008000aa0                __floatsisf
                0x0000000008000abc                __floatundisf
                0x0000000008000abc                __aeabi_ul2f
                0x0000000008000acc                __floatdisf
                0x0000000008000acc                __aeabi_l2f
 .text          0x0000000008000b48      0x2a0 /opt/st/stm32cubeide_1.12.0/plugins/com.st.stm32cube.ide.mcu.externaltools.gnu-tools-for-stm32.10.3-2021.10.linux64_1.0.200.202301161003/tools/bin/../lib/gcc/arm-none-eabi/10.3.1/thumb/v7-m/nofp/libgcc.a(_arm_muldivsf3.o)
                0x0000000008000b48                __mulsf3
                0x0000000008000b48                __aeabi_fmul
                0x0000000008000cb0                __divsf3
                0x0000000008000cb0                __aeabi_fdiv
 .text          0x0000000008000de8       0xec /opt/st/stm32cubeide_1.12.0/plugins/com.st.stm32cube.ide.mcu.externaltools.gnu-tools-for-stm32.10.3-2021.10.linux64_1.0.200.202301161003/tools/bin/../lib/gcc/arm-none-eabi/10.3.1/thumb/v7-m/nofp/libgcc.a(_arm_cmpsf2.o)
                0x0000000008000de8                __gtsf2
                0x0000000008000de8                __gesf2
                0x0000000008000df0                __lesf2
                0x0000000008000df0                __ltsf2
                0x0000000008000df8                __nesf2
                0x0000000008000df8                __eqsf2
                0x0000000008000df8                __cmpsf2
                0x0000000008000e58                __aeabi_cfrcmple
                0x0000000008000e60                __aeabi_cfcmple
                0x0000000008000e60                __aeabi_cfcmpeq
                0x0000000008000e70                __aeabi_fcmpeq
                0x0000000008000e84                __aeabi_fcmplt
                0x0000000008000e98                __aeabi_fcmple
                0x0000000008000eac                __aeabi_fcmpge
                0x0000000008000ec0                __aeabi_fcmpgt
 .text          0x0000000008000ed4       0x40 /opt/st/stm32cubeide_1.12.0/plugins/com.st.stm32cube.ide.mcu.externaltools.gnu-tools-for-stm32.10.3-2021.10.linux64_1.0.200.202301161003/tools/bin/../lib/gcc/arm-none-eabi/10.3.1/thumb/v7-m/nofp/libgcc.a(_arm_fixunssfsi.o)
                0x0000000008000ed4                __aeabi_f2uiz
                0x0000000008000ed4                __fixunssfsi
 *(.text*)
 .text.vApplicationGetIdleTaskMemory
                0x0000000008000f14       0x30 ./Core/Src/freertos.o
                0x0000000008000f14                vApplicationGetIdleTaskMemory
 .text.HAL_GPIO_EXTI_Callback
                0x0000000008000f44       0x2c ./Core/Src/main.o
                0x0000000008000f44                HAL_GPIO_EXTI_Callback
 .text.HAL_TIM_PeriodElapsedCallback
                0x0000000008000f70      0x148 ./Core/Src/main.o
                0x0000000008000f70                HAL_TIM_PeriodElapsedCallback
 .text.HAL_TIM_OC_DelayElapsedCallback
                0x00000000080010b8       0x4c ./Core/Src/main.o
                0x00000000080010b8                HAL_TIM_OC_DelayElapsedCallback
 .text.main     0x0000000008001104      0x14c ./Core/Src/main.o
                0x0000000008001104                main
 .text.SystemClock_Config
                0x0000000008001250       0xa0 ./Core/Src/main.o
                0x0000000008001250                SystemClock_Config
 .text.MX_ADC1_Init
                0x00000000080012f0       0x7c ./Core/Src/main.o
 .text.MX_CAN_Init
                0x000000000800136c       0x6c ./Core/Src/main.o
 .text.MX_TIM2_Init
                0x00000000080013d8       0xa4 ./Core/Src/main.o
 .text.MX_TIM3_Init
                0x000000000800147c      0x108 ./Core/Src/main.o
 .text.MX_DMA_Init
                0x0000000008001584       0x3c ./Core/Src/main.o
 .text.MX_GPIO_Init
                0x00000000080015c0       0x98 ./Core/Src/main.o
 .text.Interpolate_2D
                0x0000000008001658      0x2a4 ./Core/Src/main.o
                0x0000000008001658                Interpolate_2D
 .text.Read_Sensors_F
                0x00000000080018fc        0xa ./Core/Src/main.o
                0x00000000080018fc                Read_Sensors_F
 *fill*         0x0000000008001906        0x2 
 .text.Read_lookup_F
                0x0000000008001908       0xf8 ./Core/Src/main.o
                0x0000000008001908                Read_lookup_F
 .text.Fire_Ignition_F
                0x0000000008001a00       0x10 ./Core/Src/main.o
                0x0000000008001a00                Fire_Ignition_F
 .text.Fire_Injection_F
                0x0000000008001a10       0x10 ./Core/Src/main.o
                0x0000000008001a10                Fire_Injection_F
 .text.Send_CAN_F
                0x0000000008001a20       0x10 ./Core/Src/main.o
                0x0000000008001a20                Send_CAN_F
 .text.Error_Handler
                0x0000000008001a30        0xa ./Core/Src/main.o
                0x0000000008001a30                Error_Handler
 *fill*         0x0000000008001a3a        0x2 
 .text.HAL_MspInit
                0x0000000008001a3c       0x70 ./Core/Src/stm32f1xx_hal_msp.o
                0x0000000008001a3c                HAL_MspInit
 .text.HAL_ADC_MspInit
                0x0000000008001aac       0xd0 ./Core/Src/stm32f1xx_hal_msp.o
                0x0000000008001aac                HAL_ADC_MspInit
 .text.HAL_CAN_MspInit
                0x0000000008001b7c       0x98 ./Core/Src/stm32f1xx_hal_msp.o
                0x0000000008001b7c                HAL_CAN_MspInit
 .text.HAL_TIM_Base_MspInit
                0x0000000008001c14       0xec ./Core/Src/stm32f1xx_hal_msp.o
                0x0000000008001c14                HAL_TIM_Base_MspInit
 .text.HAL_TIM_MspPostInit
                0x0000000008001d00       0x64 ./Core/Src/stm32f1xx_hal_msp.o
                0x0000000008001d00                HAL_TIM_MspPostInit
 .text.NMI_Handler
                0x0000000008001d64        0x6 ./Core/Src/stm32f1xx_it.o
                0x0000000008001d64                NMI_Handler
 .text.HardFault_Handler
                0x0000000008001d6a        0x6 ./Core/Src/stm32f1xx_it.o
                0x0000000008001d6a                HardFault_Handler
 .text.MemManage_Handler
                0x0000000008001d70        0x6 ./Core/Src/stm32f1xx_it.o
                0x0000000008001d70                MemManage_Handler
 .text.BusFault_Handler
                0x0000000008001d76        0x6 ./Core/Src/stm32f1xx_it.o
                0x0000000008001d76                BusFault_Handler
 .text.UsageFault_Handler
                0x0000000008001d7c        0x6 ./Core/Src/stm32f1xx_it.o
                0x0000000008001d7c                UsageFault_Handler
 .text.DebugMon_Handler
                0x0000000008001d82        0xc ./Core/Src/stm32f1xx_it.o
                0x0000000008001d82                DebugMon_Handler
 .text.SysTick_Handler
                0x0000000008001d8e       0x1a ./Core/Src/stm32f1xx_it.o
                0x0000000008001d8e                SysTick_Handler
 .text.EXTI3_IRQHandler
                0x0000000008001da8        0xe ./Core/Src/stm32f1xx_it.o
                0x0000000008001da8                EXTI3_IRQHandler
 *fill*         0x0000000008001db6        0x2 
 .text.DMA1_Channel1_IRQHandler
                0x0000000008001db8       0x14 ./Core/Src/stm32f1xx_it.o
                0x0000000008001db8                DMA1_Channel1_IRQHandler
 .text.TIM2_IRQHandler
                0x0000000008001dcc       0x14 ./Core/Src/stm32f1xx_it.o
                0x0000000008001dcc                TIM2_IRQHandler
 .text.TIM3_IRQHandler
                0x0000000008001de0       0x14 ./Core/Src/stm32f1xx_it.o
                0x0000000008001de0                TIM3_IRQHandler
 .text.SystemInit
                0x0000000008001df4        0xc ./Core/Src/system_stm32f1xx.o
                0x0000000008001df4                SystemInit
 .text.Reset_Handler
                0x0000000008001e00       0x48 ./Core/Startup/startup_stm32f103c6tx.o
                0x0000000008001e00                Reset_Handler
 .text.Default_Handler
                0x0000000008001e48        0x2 ./Core/Startup/startup_stm32f103c6tx.o
                0x0000000008001e48                RTC_Alarm_IRQHandler
                0x0000000008001e48                EXTI2_IRQHandler
                0x0000000008001e48                TIM1_CC_IRQHandler
                0x0000000008001e48                PVD_IRQHandler
                0x0000000008001e48                EXTI0_IRQHandler
                0x0000000008001e48                ADC1_2_IRQHandler
                0x0000000008001e48                SPI1_IRQHandler
                0x0000000008001e48                TAMPER_IRQHandler
                0x0000000008001e48                DMA1_Channel4_IRQHandler
                0x0000000008001e48                RTC_IRQHandler
                0x0000000008001e48                DMA1_Channel7_IRQHandler
                0x0000000008001e48                CAN1_RX1_IRQHandler
                0x0000000008001e48                I2C1_EV_IRQHandler
                0x0000000008001e48                DMA1_Channel6_IRQHandler
                0x0000000008001e48                RCC_IRQHandler
                0x0000000008001e48                TIM1_TRG_COM_IRQHandler
                0x0000000008001e48                Default_Handler
                0x0000000008001e48                EXTI15_10_IRQHandler
                0x0000000008001e48                EXTI9_5_IRQHandler
                0x0000000008001e48                DMA1_Channel5_IRQHandler
                0x0000000008001e48                EXTI4_IRQHandler
                0x0000000008001e48                USB_LP_CAN1_RX0_IRQHandler
                0x0000000008001e48                USB_HP_CAN1_TX_IRQHandler
                0x0000000008001e48                DMA1_Channel3_IRQHandler
                0x0000000008001e48                TIM1_UP_IRQHandler
                0x0000000008001e48                WWDG_IRQHandler
                0x0000000008001e48                TIM1_BRK_IRQHandler
                0x0000000008001e48                EXTI1_IRQHandler
                0x0000000008001e48                USART2_IRQHandler
                0x0000000008001e48                DMA1_Channel2_IRQHandler
                0x0000000008001e48                CAN1_SCE_IRQHandler
                0x0000000008001e48                FLASH_IRQHandler
                0x0000000008001e48                USART1_IRQHandler
                0x0000000008001e48                I2C1_ER_IRQHandler
                0x0000000008001e48                USBWakeUp_IRQHandler
 *fill*         0x0000000008001e4a        0x2 
 .text.HAL_Init
                0x0000000008001e4c       0x2c ./Drivers/STM32F1xx_HAL_Driver/Src/stm32f1xx_hal.o
                0x0000000008001e4c                HAL_Init
 .text.HAL_InitTick
                0x0000000008001e78       0x60 ./Drivers/STM32F1xx_HAL_Driver/Src/stm32f1xx_hal.o
                0x0000000008001e78                HAL_InitTick
 .text.HAL_IncTick
                0x0000000008001ed8       0x24 ./Drivers/STM32F1xx_HAL_Driver/Src/stm32f1xx_hal.o
                0x0000000008001ed8                HAL_IncTick
 .text.HAL_GetTick
                0x0000000008001efc       0x14 ./Drivers/STM32F1xx_HAL_Driver/Src/stm32f1xx_hal.o
                0x0000000008001efc                HAL_GetTick
 .text.HAL_ADC_Init
                0x0000000008001f10      0x1b0 ./Drivers/STM32F1xx_HAL_Driver/Src/stm32f1xx_hal_adc.o
                0x0000000008001f10                HAL_ADC_Init
 .text.HAL_ADC_Start_DMA
                0x00000000080020c0      0x1bc ./Drivers/STM32F1xx_HAL_Driver/Src/stm32f1xx_hal_adc.o
                0x00000000080020c0                HAL_ADC_Start_DMA
 .text.HAL_ADC_ConvCpltCallback
                0x000000000800227c       0x12 ./Drivers/STM32F1xx_HAL_Driver/Src/stm32f1xx_hal_adc.o
                0x000000000800227c                HAL_ADC_ConvCpltCallback
 .text.HAL_ADC_ConvHalfCpltCallback
                0x000000000800228e       0x12 ./Drivers/STM32F1xx_HAL_Driver/Src/stm32f1xx_hal_adc.o
                0x000000000800228e                HAL_ADC_ConvHalfCpltCallback
 .text.HAL_ADC_ErrorCallback
                0x00000000080022a0       0x12 ./Drivers/STM32F1xx_HAL_Driver/Src/stm32f1xx_hal_adc.o
                0x00000000080022a0                HAL_ADC_ErrorCallback
 *fill*         0x00000000080022b2        0x2 
 .text.HAL_ADC_ConfigChannel
                0x00000000080022b4      0x1f0 ./Drivers/STM32F1xx_HAL_Driver/Src/stm32f1xx_hal_adc.o
                0x00000000080022b4                HAL_ADC_ConfigChannel
 .text.ADC_Enable
                0x00000000080024a4       0xb4 ./Drivers/STM32F1xx_HAL_Driver/Src/stm32f1xx_hal_adc.o
                0x00000000080024a4                ADC_Enable
 .text.ADC_ConversionStop_Disable
                0x0000000008002558       0x82 ./Drivers/STM32F1xx_HAL_Driver/Src/stm32f1xx_hal_adc.o
                0x0000000008002558                ADC_ConversionStop_Disable
 .text.ADC_DMAConvCplt
                0x00000000080025da       0x7c ./Drivers/STM32F1xx_HAL_Driver/Src/stm32f1xx_hal_adc.o
                0x00000000080025da                ADC_DMAConvCplt
 .text.ADC_DMAHalfConvCplt
                0x0000000008002656       0x1c ./Drivers/STM32F1xx_HAL_Driver/Src/stm32f1xx_hal_adc.o
                0x0000000008002656                ADC_DMAHalfConvCplt
 .text.ADC_DMAError
                0x0000000008002672       0x34 ./Drivers/STM32F1xx_HAL_Driver/Src/stm32f1xx_hal_adc.o
                0x0000000008002672                ADC_DMAError
 .text.HAL_CAN_Init
                0x00000000080026a6      0x1f6 ./Drivers/STM32F1xx_HAL_Driver/Src/stm32f1xx_hal_can.o
                0x00000000080026a6                HAL_CAN_Init
 .text.__NVIC_SetPriorityGrouping
                0x000000000800289c       0x48 ./Drivers/STM32F1xx_HAL_Driver/Src/stm32f1xx_hal_cortex.o
 .text.__NVIC_GetPriorityGrouping
                0x00000000080028e4       0x1c ./Drivers/STM32F1xx_HAL_Driver/Src/stm32f1xx_hal_cortex.o
 .text.__NVIC_EnableIRQ
                0x0000000008002900       0x38 ./Drivers/STM32F1xx_HAL_Driver/Src/stm32f1xx_hal_cortex.o
 .text.__NVIC_DisableIRQ
                0x0000000008002938       0x48 ./Drivers/STM32F1xx_HAL_Driver/Src/stm32f1xx_hal_cortex.o
 .text.__NVIC_SetPriority
                0x0000000008002980       0x54 ./Drivers/STM32F1xx_HAL_Driver/Src/stm32f1xx_hal_cortex.o
 .text.NVIC_EncodePriority
                0x00000000080029d4       0x64 ./Drivers/STM32F1xx_HAL_Driver/Src/stm32f1xx_hal_cortex.o
 .text.SysTick_Config
                0x0000000008002a38       0x44 ./Drivers/STM32F1xx_HAL_Driver/Src/stm32f1xx_hal_cortex.o
 .text.HAL_NVIC_SetPriorityGrouping
                0x0000000008002a7c       0x16 ./Drivers/STM32F1xx_HAL_Driver/Src/stm32f1xx_hal_cortex.o
                0x0000000008002a7c                HAL_NVIC_SetPriorityGrouping
 .text.HAL_NVIC_SetPriority
                0x0000000008002a92       0x38 ./Drivers/STM32F1xx_HAL_Driver/Src/stm32f1xx_hal_cortex.o
                0x0000000008002a92                HAL_NVIC_SetPriority
 .text.HAL_NVIC_EnableIRQ
                0x0000000008002aca       0x1c ./Drivers/STM32F1xx_HAL_Driver/Src/stm32f1xx_hal_cortex.o
                0x0000000008002aca                HAL_NVIC_EnableIRQ
 .text.HAL_NVIC_DisableIRQ
                0x0000000008002ae6       0x1c ./Drivers/STM32F1xx_HAL_Driver/Src/stm32f1xx_hal_cortex.o
                0x0000000008002ae6                HAL_NVIC_DisableIRQ
 .text.HAL_SYSTICK_Config
                0x0000000008002b02       0x18 ./Drivers/STM32F1xx_HAL_Driver/Src/stm32f1xx_hal_cortex.o
                0x0000000008002b02                HAL_SYSTICK_Config
 *fill*         0x0000000008002b1a        0x2 
 .text.HAL_DMA_Init
                0x0000000008002b1c       0xb4 ./Drivers/STM32F1xx_HAL_Driver/Src/stm32f1xx_hal_dma.o
                0x0000000008002b1c                HAL_DMA_Init
 .text.HAL_DMA_Start_IT
                0x0000000008002bd0       0xbe ./Drivers/STM32F1xx_HAL_Driver/Src/stm32f1xx_hal_dma.o
                0x0000000008002bd0                HAL_DMA_Start_IT
 *fill*         0x0000000008002c8e        0x2 
 .text.HAL_DMA_IRQHandler
                0x0000000008002c90      0x20c ./Drivers/STM32F1xx_HAL_Driver/Src/stm32f1xx_hal_dma.o
                0x0000000008002c90                HAL_DMA_IRQHandler
 .text.DMA_SetConfig
                0x0000000008002e9c       0x5a ./Drivers/STM32F1xx_HAL_Driver/Src/stm32f1xx_hal_dma.o
 *fill*         0x0000000008002ef6        0x2 
 .text.HAL_GPIO_Init
                0x0000000008002ef8      0x2f8 ./Drivers/STM32F1xx_HAL_Driver/Src/stm32f1xx_hal_gpio.o
                0x0000000008002ef8                HAL_GPIO_Init
 .text.HAL_GPIO_WritePin
                0x00000000080031f0       0x30 ./Drivers/STM32F1xx_HAL_Driver/Src/stm32f1xx_hal_gpio.o
                0x00000000080031f0                HAL_GPIO_WritePin
 .text.HAL_GPIO_EXTI_IRQHandler
                0x0000000008003220       0x30 ./Drivers/STM32F1xx_HAL_Driver/Src/stm32f1xx_hal_gpio.o
                0x0000000008003220                HAL_GPIO_EXTI_IRQHandler
 .text.HAL_RCC_OscConfig
                0x0000000008003250      0x504 ./Drivers/STM32F1xx_HAL_Driver/Src/stm32f1xx_hal_rcc.o
                0x0000000008003250                HAL_RCC_OscConfig
 .text.HAL_RCC_ClockConfig
                0x0000000008003754      0x1d4 ./Drivers/STM32F1xx_HAL_Driver/Src/stm32f1xx_hal_rcc.o
                0x0000000008003754                HAL_RCC_ClockConfig
 .text.HAL_RCC_GetSysClockFreq
                0x0000000008003928       0xbc ./Drivers/STM32F1xx_HAL_Driver/Src/stm32f1xx_hal_rcc.o
                0x0000000008003928                HAL_RCC_GetSysClockFreq
 .text.RCC_Delay
                0x00000000080039e4       0x3c ./Drivers/STM32F1xx_HAL_Driver/Src/stm32f1xx_hal_rcc.o
 .text.HAL_RCCEx_PeriphCLKConfig
                0x0000000008003a20      0x16c ./Drivers/STM32F1xx_HAL_Driver/Src/stm32f1xx_hal_rcc_ex.o
                0x0000000008003a20                HAL_RCCEx_PeriphCLKConfig
 .text.HAL_TIM_Base_Init
                0x0000000008003b8c       0x9e ./Drivers/STM32F1xx_HAL_Driver/Src/stm32f1xx_hal_tim.o
                0x0000000008003b8c                HAL_TIM_Base_Init
 *fill*         0x0000000008003c2a        0x2 
 .text.HAL_TIM_Base_Start_IT
                0x0000000008003c2c       0x98 ./Drivers/STM32F1xx_HAL_Driver/Src/stm32f1xx_hal_tim.o
                0x0000000008003c2c                HAL_TIM_Base_Start_IT
 .text.HAL_TIM_OC_Init
                0x0000000008003cc4       0x9e ./Drivers/STM32F1xx_HAL_Driver/Src/stm32f1xx_hal_tim.o
                0x0000000008003cc4                HAL_TIM_OC_Init
 .text.HAL_TIM_OC_MspInit
                0x0000000008003d62       0x12 ./Drivers/STM32F1xx_HAL_Driver/Src/stm32f1xx_hal_tim.o
                0x0000000008003d62                HAL_TIM_OC_MspInit
 .text.HAL_TIM_OC_Start_IT
                0x0000000008003d74      0x1c4 ./Drivers/STM32F1xx_HAL_Driver/Src/stm32f1xx_hal_tim.o
                0x0000000008003d74                HAL_TIM_OC_Start_IT
 .text.HAL_TIM_IRQHandler
                0x0000000008003f38      0x210 ./Drivers/STM32F1xx_HAL_Driver/Src/stm32f1xx_hal_tim.o
                0x0000000008003f38                HAL_TIM_IRQHandler
 .text.HAL_TIM_OC_ConfigChannel
                0x0000000008004148       0xb0 ./Drivers/STM32F1xx_HAL_Driver/Src/stm32f1xx_hal_tim.o
                0x0000000008004148                HAL_TIM_OC_ConfigChannel
 .text.HAL_TIM_ConfigClockSource
                0x00000000080041f8      0x188 ./Drivers/STM32F1xx_HAL_Driver/Src/stm32f1xx_hal_tim.o
                0x00000000080041f8                HAL_TIM_ConfigClockSource
 .text.HAL_TIM_IC_CaptureCallback
                0x0000000008004380       0x12 ./Drivers/STM32F1xx_HAL_Driver/Src/stm32f1xx_hal_tim.o
                0x0000000008004380                HAL_TIM_IC_CaptureCallback
 .text.HAL_TIM_PWM_PulseFinishedCallback
                0x0000000008004392       0x12 ./Drivers/STM32F1xx_HAL_Driver/Src/stm32f1xx_hal_tim.o
                0x0000000008004392                HAL_TIM_PWM_PulseFinishedCallback
 .text.HAL_TIM_TriggerCallback
                0x00000000080043a4       0x12 ./Drivers/STM32F1xx_HAL_Driver/Src/stm32f1xx_hal_tim.o
                0x00000000080043a4                HAL_TIM_TriggerCallback
 *fill*         0x00000000080043b6        0x2 
 .text.TIM_Base_SetConfig
                0x00000000080043b8       0xb0 ./Drivers/STM32F1xx_HAL_Driver/Src/stm32f1xx_hal_tim.o
                0x00000000080043b8                TIM_Base_SetConfig
 .text.TIM_OC1_SetConfig
                0x0000000008004468       0xcc ./Drivers/STM32F1xx_HAL_Driver/Src/stm32f1xx_hal_tim.o
 .text.TIM_OC2_SetConfig
                0x0000000008004534       0xd4 ./Drivers/STM32F1xx_HAL_Driver/Src/stm32f1xx_hal_tim.o
                0x0000000008004534                TIM_OC2_SetConfig
 .text.TIM_OC3_SetConfig
                0x0000000008004608       0xd4 ./Drivers/STM32F1xx_HAL_Driver/Src/stm32f1xx_hal_tim.o
 .text.TIM_OC4_SetConfig
                0x00000000080046dc       0x9c ./Drivers/STM32F1xx_HAL_Driver/Src/stm32f1xx_hal_tim.o
 .text.TIM_TI1_ConfigInputStage
                0x0000000008004778       0x5c ./Drivers/STM32F1xx_HAL_Driver/Src/stm32f1xx_hal_tim.o
 .text.TIM_TI2_ConfigInputStage
                0x00000000080047d4       0x5e ./Drivers/STM32F1xx_HAL_Driver/Src/stm32f1xx_hal_tim.o
 .text.TIM_ITRx_SetConfig
                0x0000000008004832       0x34 ./Drivers/STM32F1xx_HAL_Driver/Src/stm32f1xx_hal_tim.o
 .text.TIM_ETR_SetConfig
                0x0000000008004866       0x3e ./Drivers/STM32F1xx_HAL_Driver/Src/stm32f1xx_hal_tim.o
                0x0000000008004866                TIM_ETR_SetConfig
 .text.TIM_CCxChannelCmd
                0x00000000080048a4       0x48 ./Drivers/STM32F1xx_HAL_Driver/Src/stm32f1xx_hal_tim.o
                0x00000000080048a4                TIM_CCxChannelCmd
 .text.HAL_TIMEx_MasterConfigSynchronization
                0x00000000080048ec       0xb0 ./Drivers/STM32F1xx_HAL_Driver/Src/stm32f1xx_hal_tim_ex.o
                0x00000000080048ec                HAL_TIMEx_MasterConfigSynchronization
 .text.HAL_TIMEx_CommutCallback
                0x000000000800499c       0x12 ./Drivers/STM32F1xx_HAL_Driver/Src/stm32f1xx_hal_tim_ex.o
                0x000000000800499c                HAL_TIMEx_CommutCallback
 .text.HAL_TIMEx_BreakCallback
                0x00000000080049ae       0x12 ./Drivers/STM32F1xx_HAL_Driver/Src/stm32f1xx_hal_tim_ex.o
                0x00000000080049ae                HAL_TIMEx_BreakCallback
 .text.makeFreeRtosPriority
                0x00000000080049c0       0x2e ./Middlewares/Third_Party/FreeRTOS/Source/CMSIS_RTOS/cmsis_os.o
 .text.osKernelStart
                0x00000000080049ee        0xe ./Middlewares/Third_Party/FreeRTOS/Source/CMSIS_RTOS/cmsis_os.o
                0x00000000080049ee                osKernelStart
 .text.osThreadCreate
                0x00000000080049fc       0x98 ./Middlewares/Third_Party/FreeRTOS/Source/CMSIS_RTOS/cmsis_os.o
                0x00000000080049fc                osThreadCreate
 .text.osDelay  0x0000000008004a94       0x28 ./Middlewares/Third_Party/FreeRTOS/Source/CMSIS_RTOS/cmsis_os.o
                0x0000000008004a94                osDelay
 .text.vListInitialise
                0x0000000008004abc       0x3e ./Middlewares/Third_Party/FreeRTOS/Source/list.o
                0x0000000008004abc                vListInitialise
 .text.vListInitialiseItem
                0x0000000008004afa       0x18 ./Middlewares/Third_Party/FreeRTOS/Source/list.o
                0x0000000008004afa                vListInitialiseItem
 .text.vListInsertEnd
                0x0000000008004b12       0x46 ./Middlewares/Third_Party/FreeRTOS/Source/list.o
                0x0000000008004b12                vListInsertEnd
 .text.vListInsert
                0x0000000008004b58       0x70 ./Middlewares/Third_Party/FreeRTOS/Source/list.o
                0x0000000008004b58                vListInsert
 .text.uxListRemove
                0x0000000008004bc8       0x52 ./Middlewares/Third_Party/FreeRTOS/Source/list.o
                0x0000000008004bc8                uxListRemove
 .text.xTaskCreateStatic
                0x0000000008004c1a       0xb8 ./Middlewares/Third_Party/FreeRTOS/Source/tasks.o
                0x0000000008004c1a                xTaskCreateStatic
 .text.xTaskCreate
                0x0000000008004cd2       0x8a ./Middlewares/Third_Party/FreeRTOS/Source/tasks.o
                0x0000000008004cd2                xTaskCreate
 .text.prvInitialiseNewTask
                0x0000000008004d5c      0x12c ./Middlewares/Third_Party/FreeRTOS/Source/tasks.o
 .text.prvAddNewTaskToReadyList
                0x0000000008004e88       0xd4 ./Middlewares/Third_Party/FreeRTOS/Source/tasks.o
 .text.vTaskDelay
                0x0000000008004f5c       0x68 ./Middlewares/Third_Party/FreeRTOS/Source/tasks.o
                0x0000000008004f5c                vTaskDelay
 .text.vTaskStartScheduler
                0x0000000008004fc4       0xd4 ./Middlewares/Third_Party/FreeRTOS/Source/tasks.o
                0x0000000008004fc4                vTaskStartScheduler
 .text.vTaskSuspendAll
                0x0000000008005098       0x1c ./Middlewares/Third_Party/FreeRTOS/Source/tasks.o
                0x0000000008005098                vTaskSuspendAll
 .text.xTaskResumeAll
                0x00000000080050b4      0x138 ./Middlewares/Third_Party/FreeRTOS/Source/tasks.o
                0x00000000080050b4                xTaskResumeAll
 .text.xTaskIncrementTick
                0x00000000080051ec      0x17c ./Middlewares/Third_Party/FreeRTOS/Source/tasks.o
                0x00000000080051ec                xTaskIncrementTick
 .text.vTaskSwitchContext
                0x0000000008005368       0xc4 ./Middlewares/Third_Party/FreeRTOS/Source/tasks.o
                0x0000000008005368                vTaskSwitchContext
 .text.prvIdleTask
                0x000000000800542c       0x30 ./Middlewares/Third_Party/FreeRTOS/Source/tasks.o
 .text.prvInitialiseTaskLists
                0x000000000800545c       0x80 ./Middlewares/Third_Party/FreeRTOS/Source/tasks.o
 .text.prvCheckTasksWaitingTermination
                0x00000000080054dc       0x5c ./Middlewares/Third_Party/FreeRTOS/Source/tasks.o
 .text.prvDeleteTCB
                0x0000000008005538       0x68 ./Middlewares/Third_Party/FreeRTOS/Source/tasks.o
 .text.prvResetNextTaskUnblockTime
                0x00000000080055a0       0x48 ./Middlewares/Third_Party/FreeRTOS/Source/tasks.o
 .text.xTaskGetSchedulerState
                0x00000000080055e8       0x3c ./Middlewares/Third_Party/FreeRTOS/Source/tasks.o
                0x00000000080055e8                xTaskGetSchedulerState
 .text.prvAddCurrentTaskToDelayedList
                0x0000000008005624       0xcc ./Middlewares/Third_Party/FreeRTOS/Source/tasks.o
 .text.pxPortInitialiseStack
                0x00000000080056f0       0x58 ./Middlewares/Third_Party/FreeRTOS/Source/portable/GCC/ARM_CM3/port.o
                0x00000000080056f0                pxPortInitialiseStack
 .text.prvTaskExitError
                0x0000000008005748       0x58 ./Middlewares/Third_Party/FreeRTOS/Source/portable/GCC/ARM_CM3/port.o
 .text.SVC_Handler
                0x00000000080057a0       0x28 ./Middlewares/Third_Party/FreeRTOS/Source/portable/GCC/ARM_CM3/port.o
                0x00000000080057a0                SVC_Handler
 .text.prvPortStartFirstTask
                0x00000000080057c8       0x20 ./Middlewares/Third_Party/FreeRTOS/Source/portable/GCC/ARM_CM3/port.o
 .text.xPortStartScheduler
                0x00000000080057e8       0xe4 ./Middlewares/Third_Party/FreeRTOS/Source/portable/GCC/ARM_CM3/port.o
                0x00000000080057e8                xPortStartScheduler
 .text.vPortEnterCritical
                0x00000000080058cc       0x60 ./Middlewares/Third_Party/FreeRTOS/Source/portable/GCC/ARM_CM3/port.o
                0x00000000080058cc                vPortEnterCritical
 .text.vPortExitCritical
                0x000000000800592c       0x50 ./Middlewares/Third_Party/FreeRTOS/Source/portable/GCC/ARM_CM3/port.o
                0x000000000800592c                vPortExitCritical
 *fill*         0x000000000800597c        0x4 
 .text.PendSV_Handler
                0x0000000008005980       0x48 ./Middlewares/Third_Party/FreeRTOS/Source/portable/GCC/ARM_CM3/port.o
                0x0000000008005980                PendSV_Handler
 .text.xPortSysTickHandler
                0x00000000080059c8       0x44 ./Middlewares/Third_Party/FreeRTOS/Source/portable/GCC/ARM_CM3/port.o
                0x00000000080059c8                xPortSysTickHandler
 .text.vPortSetupTimerInterrupt
                0x0000000008005a0c       0x44 ./Middlewares/Third_Party/FreeRTOS/Source/portable/GCC/ARM_CM3/port.o
                0x0000000008005a0c                vPortSetupTimerInterrupt
 .text.pvPortMalloc
                0x0000000008005a50      0x188 ./Middlewares/Third_Party/FreeRTOS/Source/portable/MemMang/heap_4.o
                0x0000000008005a50                pvPortMalloc
 .text.vPortFree
                0x0000000008005bd8       0xb4 ./Middlewares/Third_Party/FreeRTOS/Source/portable/MemMang/heap_4.o
                0x0000000008005bd8                vPortFree
 .text.prvHeapInit
                0x0000000008005c8c       0xc4 ./Middlewares/Third_Party/FreeRTOS/Source/portable/MemMang/heap_4.o
 .text.prvInsertBlockIntoFreeList
                0x0000000008005d50       0xb0 ./Middlewares/Third_Party/FreeRTOS/Source/portable/MemMang/heap_4.o
 .text.__libc_init_array
                0x0000000008005e00       0x48 /opt/st/stm32cubeide_1.12.0/plugins/com.st.stm32cube.ide.mcu.externaltools.gnu-tools-for-stm32.10.3-2021.10.linux64_1.0.200.202301161003/tools/bin/../lib/gcc/arm-none-eabi/10.3.1/../../../../arm-none-eabi/lib/thumb/v7-m/nofp/libc_nano.a(lib_a-init.o)
                0x0000000008005e00                __libc_init_array
 .text.__retarget_lock_acquire_recursive
                0x0000000008005e48        0x2 /opt/st/stm32cubeide_1.12.0/plugins/com.st.stm32cube.ide.mcu.externaltools.gnu-tools-for-stm32.10.3-2021.10.linux64_1.0.200.202301161003/tools/bin/../lib/gcc/arm-none-eabi/10.3.1/../../../../arm-none-eabi/lib/thumb/v7-m/nofp/libc_nano.a(lib_a-lock.o)
                0x0000000008005e48                __retarget_lock_acquire_recursive
 .text.__retarget_lock_release_recursive
                0x0000000008005e4a        0x2 /opt/st/stm32cubeide_1.12.0/plugins/com.st.stm32cube.ide.mcu.externaltools.gnu-tools-for-stm32.10.3-2021.10.linux64_1.0.200.202301161003/tools/bin/../lib/gcc/arm-none-eabi/10.3.1/../../../../arm-none-eabi/lib/thumb/v7-m/nofp/libc_nano.a(lib_a-lock.o)
                0x0000000008005e4a                __retarget_lock_release_recursive
 .text.memset   0x0000000008005e4c       0x10 /opt/st/stm32cubeide_1.12.0/plugins/com.st.stm32cube.ide.mcu.externaltools.gnu-tools-for-stm32.10.3-2021.10.linux64_1.0.200.202301161003/tools/bin/../lib/gcc/arm-none-eabi/10.3.1/../../../../arm-none-eabi/lib/thumb/v7-m/nofp/libc_nano.a(lib_a-memset.o)
                0x0000000008005e4c                memset
 .text.cleanup_glue
                0x0000000008005e5c       0x1a /opt/st/stm32cubeide_1.12.0/plugins/com.st.stm32cube.ide.mcu.externaltools.gnu-tools-for-stm32.10.3-2021.10.linux64_1.0.200.202301161003/tools/bin/../lib/gcc/arm-none-eabi/10.3.1/../../../../arm-none-eabi/lib/thumb/v7-m/nofp/libc_nano.a(lib_a-reent.o)
                0x0000000008005e5c                cleanup_glue
 *fill*         0x0000000008005e76        0x2 
 .text._reclaim_reent
                0x0000000008005e78       0xb8 /opt/st/stm32cubeide_1.12.0/plugins/com.st.stm32cube.ide.mcu.externaltools.gnu-tools-for-stm32.10.3-2021.10.linux64_1.0.200.202301161003/tools/bin/../lib/gcc/arm-none-eabi/10.3.1/../../../../arm-none-eabi/lib/thumb/v7-m/nofp/libc_nano.a(lib_a-reent.o)
                0x0000000008005e78                _reclaim_reent
 .text.__malloc_lock
                0x0000000008005f30        0xc /opt/st/stm32cubeide_1.12.0/plugins/com.st.stm32cube.ide.mcu.externaltools.gnu-tools-for-stm32.10.3-2021.10.linux64_1.0.200.202301161003/tools/bin/../lib/gcc/arm-none-eabi/10.3.1/../../../../arm-none-eabi/lib/thumb/v7-m/nofp/libc_nano.a(lib_a-mlock.o)
                0x0000000008005f30                __malloc_lock
 .text.__malloc_unlock
                0x0000000008005f3c        0xc /opt/st/stm32cubeide_1.12.0/plugins/com.st.stm32cube.ide.mcu.externaltools.gnu-tools-for-stm32.10.3-2021.10.linux64_1.0.200.202301161003/tools/bin/../lib/gcc/arm-none-eabi/10.3.1/../../../../arm-none-eabi/lib/thumb/v7-m/nofp/libc_nano.a(lib_a-mlock.o)
                0x0000000008005f3c                __malloc_unlock
 .text._free_r  0x0000000008005f48       0x90 /opt/st/stm32cubeide_1.12.0/plugins/com.st.stm32cube.ide.mcu.externaltools.gnu-tools-for-stm32.10.3-2021.10.linux64_1.0.200.202301161003/tools/bin/../lib/gcc/arm-none-eabi/10.3.1/../../../../arm-none-eabi/lib/thumb/v7-m/nofp/libc_nano.a(lib_a-nano-freer.o)
                0x0000000008005f48                _free_r
 *(.glue_7)
 .glue_7        0x0000000008005fd8        0x0 linker stubs
 *(.glue_7t)
 .glue_7t       0x0000000008005fd8        0x0 linker stubs
 *(.eh_frame)
 .eh_frame      0x0000000008005fd8        0x0 /opt/st/stm32cubeide_1.12.0/plugins/com.st.stm32cube.ide.mcu.externaltools.gnu-tools-for-stm32.10.3-2021.10.linux64_1.0.200.202301161003/tools/bin/../lib/gcc/arm-none-eabi/10.3.1/thumb/v7-m/nofp/crtbegin.o
 *(.init)
 .init          0x0000000008005fd8        0x4 /opt/st/stm32cubeide_1.12.0/plugins/com.st.stm32cube.ide.mcu.externaltools.gnu-tools-for-stm32.10.3-2021.10.linux64_1.0.200.202301161003/tools/bin/../lib/gcc/arm-none-eabi/10.3.1/thumb/v7-m/nofp/crti.o
                0x0000000008005fd8                _init
 .init          0x0000000008005fdc        0x8 /opt/st/stm32cubeide_1.12.0/plugins/com.st.stm32cube.ide.mcu.externaltools.gnu-tools-for-stm32.10.3-2021.10.linux64_1.0.200.202301161003/tools/bin/../lib/gcc/arm-none-eabi/10.3.1/thumb/v7-m/nofp/crtn.o
 *(.fini)
 .fini          0x0000000008005fe4        0x4 /opt/st/stm32cubeide_1.12.0/plugins/com.st.stm32cube.ide.mcu.externaltools.gnu-tools-for-stm32.10.3-2021.10.linux64_1.0.200.202301161003/tools/bin/../lib/gcc/arm-none-eabi/10.3.1/thumb/v7-m/nofp/crti.o
                0x0000000008005fe4                _fini
 .fini          0x0000000008005fe8        0x8 /opt/st/stm32cubeide_1.12.0/plugins/com.st.stm32cube.ide.mcu.externaltools.gnu-tools-for-stm32.10.3-2021.10.linux64_1.0.200.202301161003/tools/bin/../lib/gcc/arm-none-eabi/10.3.1/thumb/v7-m/nofp/crtn.o
                0x0000000008005ff0                . = ALIGN (0x4)
                0x0000000008005ff0                _etext = .

.vfp11_veneer   0x0000000008005ff0        0x0
 .vfp11_veneer  0x0000000008005ff0        0x0 linker stubs

.v4_bx          0x0000000008005ff0        0x0
 .v4_bx         0x0000000008005ff0        0x0 linker stubs

.iplt           0x0000000008005ff0        0x0
 .iplt          0x0000000008005ff0        0x0 /opt/st/stm32cubeide_1.12.0/plugins/com.st.stm32cube.ide.mcu.externaltools.gnu-tools-for-stm32.10.3-2021.10.linux64_1.0.200.202301161003/tools/bin/../lib/gcc/arm-none-eabi/10.3.1/thumb/v7-m/nofp/crtbegin.o

.rodata         0x0000000008005ff0      0x15c
                0x0000000008005ff0                . = ALIGN (0x4)
 *(.rodata)
 .rodata        0x0000000008005ff0       0xd4 ./Core/Src/main.o
 .rodata        0x00000000080060c4       0x10 ./Drivers/STM32F1xx_HAL_Driver/Src/stm32f1xx_hal_rcc.o
 .rodata        0x00000000080060d4        0x5 ./Middlewares/Third_Party/FreeRTOS/Source/tasks.o
 *(.rodata*)
 *fill*         0x00000000080060d9        0x3 
 .rodata.AHBPrescTable
                0x00000000080060dc       0x10 ./Core/Src/system_stm32f1xx.o
                0x00000000080060dc                AHBPrescTable
 .rodata.__sf_fake_stderr
                0x00000000080060ec       0x20 /opt/st/stm32cubeide_1.12.0/plugins/com.st.stm32cube.ide.mcu.externaltools.gnu-tools-for-stm32.10.3-2021.10.linux64_1.0.200.202301161003/tools/bin/../lib/gcc/arm-none-eabi/10.3.1/../../../../arm-none-eabi/lib/thumb/v7-m/nofp/libc_nano.a(lib_a-findfp.o)
                0x00000000080060ec                __sf_fake_stderr
 .rodata.__sf_fake_stdin
                0x000000000800610c       0x20 /opt/st/stm32cubeide_1.12.0/plugins/com.st.stm32cube.ide.mcu.externaltools.gnu-tools-for-stm32.10.3-2021.10.linux64_1.0.200.202301161003/tools/bin/../lib/gcc/arm-none-eabi/10.3.1/../../../../arm-none-eabi/lib/thumb/v7-m/nofp/libc_nano.a(lib_a-findfp.o)
                0x000000000800610c                __sf_fake_stdin
 .rodata.__sf_fake_stdout
                0x000000000800612c       0x20 /opt/st/stm32cubeide_1.12.0/plugins/com.st.stm32cube.ide.mcu.externaltools.gnu-tools-for-stm32.10.3-2021.10.linux64_1.0.200.202301161003/tools/bin/../lib/gcc/arm-none-eabi/10.3.1/../../../../arm-none-eabi/lib/thumb/v7-m/nofp/libc_nano.a(lib_a-findfp.o)
                0x000000000800612c                __sf_fake_stdout
                0x000000000800614c                . = ALIGN (0x4)

.rel.dyn        0x000000000800614c        0x0
 .rel.iplt      0x000000000800614c        0x0 /opt/st/stm32cubeide_1.12.0/plugins/com.st.stm32cube.ide.mcu.externaltools.gnu-tools-for-stm32.10.3-2021.10.linux64_1.0.200.202301161003/tools/bin/../lib/gcc/arm-none-eabi/10.3.1/thumb/v7-m/nofp/crtbegin.o

.ARM.extab      0x000000000800614c        0x0
                0x000000000800614c                . = ALIGN (0x4)
 *(.ARM.extab* .gnu.linkonce.armextab.*)
                0x000000000800614c                . = ALIGN (0x4)

.ARM            0x000000000800614c        0x0
                0x000000000800614c                . = ALIGN (0x4)
                0x000000000800614c                __exidx_start = .
 *(.ARM.exidx*)
                0x000000000800614c                __exidx_end = .
                0x000000000800614c                . = ALIGN (0x4)

.preinit_array  0x000000000800614c        0x0
                0x000000000800614c                . = ALIGN (0x4)
                0x000000000800614c                PROVIDE (__preinit_array_start = .)
 *(.preinit_array*)
                0x000000000800614c                PROVIDE (__preinit_array_end = .)
                0x000000000800614c                . = ALIGN (0x4)

.init_array     0x000000000800614c        0x4
                0x000000000800614c                . = ALIGN (0x4)
                0x000000000800614c                PROVIDE (__init_array_start = .)
 *(SORT_BY_NAME(.init_array.*))
 *(.init_array*)
 .init_array    0x000000000800614c        0x4 /opt/st/stm32cubeide_1.12.0/plugins/com.st.stm32cube.ide.mcu.externaltools.gnu-tools-for-stm32.10.3-2021.10.linux64_1.0.200.202301161003/tools/bin/../lib/gcc/arm-none-eabi/10.3.1/thumb/v7-m/nofp/crtbegin.o
                0x0000000008006150                PROVIDE (__init_array_end = .)
                0x0000000008006150                . = ALIGN (0x4)

.fini_array     0x0000000008006150        0x4
                0x0000000008006150                . = ALIGN (0x4)
                [!provide]                        PROVIDE (__fini_array_start = .)
 *(SORT_BY_NAME(.fini_array.*))
 *(.fini_array*)
 .fini_array    0x0000000008006150        0x4 /opt/st/stm32cubeide_1.12.0/plugins/com.st.stm32cube.ide.mcu.externaltools.gnu-tools-for-stm32.10.3-2021.10.linux64_1.0.200.202301161003/tools/bin/../lib/gcc/arm-none-eabi/10.3.1/thumb/v7-m/nofp/crtbegin.o
                [!provide]                        PROVIDE (__fini_array_end = .)
                0x0000000008006154                . = ALIGN (0x4)
                0x0000000008006154                _sidata = LOADADDR (.data)

.data           0x0000000020000000      0x554 load address 0x0000000008006154
                0x0000000020000000                . = ALIGN (0x4)
                0x0000000020000000                _sdata = .
 *(.data)
 *(.data*)
 .data.TBP      0x0000000020000000       0x30 ./Core/Src/main.o
                0x0000000020000000                TBP
 .data.RPM      0x0000000020000030       0x30 ./Core/Src/main.o
                0x0000000020000030                RPM
 .data.Ignition_Timing
                0x0000000020000060      0x240 ./Core/Src/main.o
                0x0000000020000060                Ignition_Timing
 .data.Injection_Timing
                0x00000000200002a0      0x240 ./Core/Src/main.o
                0x00000000200002a0                Injection_Timing
 .data.SystemCoreClock
                0x00000000200004e0        0x4 ./Core/Src/system_stm32f1xx.o
                0x00000000200004e0                SystemCoreClock
 .data.uwTickPrio
                0x00000000200004e4        0x4 ./Drivers/STM32F1xx_HAL_Driver/Src/stm32f1xx_hal.o
                0x00000000200004e4                uwTickPrio
 .data.uwTickFreq
                0x00000000200004e8        0x1 ./Drivers/STM32F1xx_HAL_Driver/Src/stm32f1xx_hal.o
                0x00000000200004e8                uwTickFreq
 *fill*         0x00000000200004e9        0x3 
 .data.uxCriticalNesting
                0x00000000200004ec        0x4 ./Middlewares/Third_Party/FreeRTOS/Source/portable/GCC/ARM_CM3/port.o
 .data._impure_ptr
                0x00000000200004f0        0x4 /opt/st/stm32cubeide_1.12.0/plugins/com.st.stm32cube.ide.mcu.externaltools.gnu-tools-for-stm32.10.3-2021.10.linux64_1.0.200.202301161003/tools/bin/../lib/gcc/arm-none-eabi/10.3.1/../../../../arm-none-eabi/lib/thumb/v7-m/nofp/libc_nano.a(lib_a-impure.o)
                0x00000000200004f0                _impure_ptr
 .data.impure_data
                0x00000000200004f4       0x60 /opt/st/stm32cubeide_1.12.0/plugins/com.st.stm32cube.ide.mcu.externaltools.gnu-tools-for-stm32.10.3-2021.10.linux64_1.0.200.202301161003/tools/bin/../lib/gcc/arm-none-eabi/10.3.1/../../../../arm-none-eabi/lib/thumb/v7-m/nofp/libc_nano.a(lib_a-impure.o)
 *(.RamFunc)
 *(.RamFunc*)
                0x0000000020000554                . = ALIGN (0x4)
                0x0000000020000554                _edata = .

.igot.plt       0x0000000020000554        0x0 load address 0x00000000080066a8
 .igot.plt      0x0000000020000554        0x0 /opt/st/stm32cubeide_1.12.0/plugins/com.st.stm32cube.ide.mcu.externaltools.gnu-tools-for-stm32.10.3-2021.10.linux64_1.0.200.202301161003/tools/bin/../lib/gcc/arm-none-eabi/10.3.1/thumb/v7-m/nofp/crtbegin.o
                0x0000000020000554                . = ALIGN (0x4)

.bss            0x0000000020000554     0x15a8 load address 0x00000000080066a8
                0x0000000020000554                _sbss = .
                0x0000000020000554                __bss_start__ = _sbss
 *(.bss)
 .bss           0x0000000020000554       0x1c /opt/st/stm32cubeide_1.12.0/plugins/com.st.stm32cube.ide.mcu.externaltools.gnu-tools-for-stm32.10.3-2021.10.linux64_1.0.200.202301161003/tools/bin/../lib/gcc/arm-none-eabi/10.3.1/thumb/v7-m/nofp/crtbegin.o
 *(.bss*)
 .bss.xIdleTaskTCBBuffer
                0x0000000020000570       0xb4 ./Core/Src/freertos.o
 .bss.xIdleStack
                0x0000000020000624      0x200 ./Core/Src/freertos.o
 .bss.hadc1     0x0000000020000824       0x30 ./Core/Src/main.o
                0x0000000020000824                hadc1
 .bss.hdma_adc1
                0x0000000020000854       0x44 ./Core/Src/main.o
                0x0000000020000854                hdma_adc1
 .bss.hcan      0x0000000020000898       0x28 ./Core/Src/main.o
                0x0000000020000898                hcan
 .bss.htim2     0x00000000200008c0       0x48 ./Core/Src/main.o
                0x00000000200008c0                htim2
 .bss.htim3     0x0000000020000908       0x48 ./Core/Src/main.o
                0x0000000020000908                htim3
 .bss.Read_SensorsHandle
                0x0000000020000950        0x4 ./Core/Src/main.o
                0x0000000020000950                Read_SensorsHandle
 .bss.Read_LookupHandle
                0x0000000020000954        0x4 ./Core/Src/main.o
                0x0000000020000954                Read_LookupHandle
 .bss.Fire_IgnitionHandle
                0x0000000020000958        0x4 ./Core/Src/main.o
                0x0000000020000958                Fire_IgnitionHandle
 .bss.Fire_InjectionHandle
                0x000000002000095c        0x4 ./Core/Src/main.o
                0x000000002000095c                Fire_InjectionHandle
 .bss.Send_CANHandle
                0x0000000020000960        0x4 ./Core/Src/main.o
                0x0000000020000960                Send_CANHandle
 .bss.Data      0x0000000020000964       0x14 ./Core/Src/main.o
                0x0000000020000964                Data
 .bss.IGN       0x0000000020000978        0x4 ./Core/Src/main.o
                0x0000000020000978                IGN
 .bss.INJ       0x000000002000097c        0x4 ./Core/Src/main.o
                0x000000002000097c                INJ
 .bss.current_time
                0x0000000020000980        0x4 ./Core/Src/main.o
                0x0000000020000980                current_time
 .bss.elapsed_time
                0x0000000020000984        0x4 ./Core/Src/main.o
                0x0000000020000984                elapsed_time
 .bss.last_time
                0x0000000020000988        0x4 ./Core/Src/main.o
                0x0000000020000988                last_time
 .bss.captured_value
                0x000000002000098c        0x4 ./Core/Src/main.o
                0x000000002000098c                captured_value
 .bss.fired     0x0000000020000990        0x1 ./Core/Src/main.o
                0x0000000020000990                fired
 .bss.sync      0x0000000020000991        0x1 ./Core/Src/main.o
                0x0000000020000991                sync
 *fill*         0x0000000020000992        0x2 
 .bss.time_since_cycle
                0x0000000020000994        0x4 ./Core/Src/main.o
                0x0000000020000994                time_since_cycle
 .bss.times_overflown
                0x0000000020000998        0x2 ./Core/Src/main.o
                0x0000000020000998                times_overflown
 .bss.cycles_to_IGN
                0x000000002000099a        0x2 ./Core/Src/main.o
                0x000000002000099a                cycles_to_IGN
 .bss.IGN_time  0x000000002000099c        0x4 ./Core/Src/main.o
                0x000000002000099c                IGN_time
 .bss.RPM_val   0x00000000200009a0        0x4 ./Core/Src/main.o
                0x00000000200009a0                RPM_val
 .bss.uwTick    0x00000000200009a4        0x4 ./Drivers/STM32F1xx_HAL_Driver/Src/stm32f1xx_hal.o
                0x00000000200009a4                uwTick
 .bss.pxCurrentTCB
                0x00000000200009a8        0x4 ./Middlewares/Third_Party/FreeRTOS/Source/tasks.o
                0x00000000200009a8                pxCurrentTCB
 .bss.pxReadyTasksLists
                0x00000000200009ac       0x8c ./Middlewares/Third_Party/FreeRTOS/Source/tasks.o
 .bss.xDelayedTaskList1
                0x0000000020000a38       0x14 ./Middlewares/Third_Party/FreeRTOS/Source/tasks.o
 .bss.xDelayedTaskList2
                0x0000000020000a4c       0x14 ./Middlewares/Third_Party/FreeRTOS/Source/tasks.o
 .bss.pxDelayedTaskList
                0x0000000020000a60        0x4 ./Middlewares/Third_Party/FreeRTOS/Source/tasks.o
 .bss.pxOverflowDelayedTaskList
                0x0000000020000a64        0x4 ./Middlewares/Third_Party/FreeRTOS/Source/tasks.o
 .bss.xPendingReadyList
                0x0000000020000a68       0x14 ./Middlewares/Third_Party/FreeRTOS/Source/tasks.o
 .bss.xTasksWaitingTermination
                0x0000000020000a7c       0x14 ./Middlewares/Third_Party/FreeRTOS/Source/tasks.o
 .bss.uxDeletedTasksWaitingCleanUp
                0x0000000020000a90        0x4 ./Middlewares/Third_Party/FreeRTOS/Source/tasks.o
 .bss.xSuspendedTaskList
                0x0000000020000a94       0x14 ./Middlewares/Third_Party/FreeRTOS/Source/tasks.o
 .bss.uxCurrentNumberOfTasks
                0x0000000020000aa8        0x4 ./Middlewares/Third_Party/FreeRTOS/Source/tasks.o
 .bss.xTickCount
                0x0000000020000aac        0x4 ./Middlewares/Third_Party/FreeRTOS/Source/tasks.o
 .bss.uxTopReadyPriority
                0x0000000020000ab0        0x4 ./Middlewares/Third_Party/FreeRTOS/Source/tasks.o
 .bss.xSchedulerRunning
                0x0000000020000ab4        0x4 ./Middlewares/Third_Party/FreeRTOS/Source/tasks.o
 .bss.uxPendedTicks
                0x0000000020000ab8        0x4 ./Middlewares/Third_Party/FreeRTOS/Source/tasks.o
 .bss.xYieldPending
                0x0000000020000abc        0x4 ./Middlewares/Third_Party/FreeRTOS/Source/tasks.o
 .bss.xNumOfOverflows
                0x0000000020000ac0        0x4 ./Middlewares/Third_Party/FreeRTOS/Source/tasks.o
 .bss.uxTaskNumber
                0x0000000020000ac4        0x4 ./Middlewares/Third_Party/FreeRTOS/Source/tasks.o
 .bss.xNextTaskUnblockTime
                0x0000000020000ac8        0x4 ./Middlewares/Third_Party/FreeRTOS/Source/tasks.o
 .bss.xIdleTaskHandle
                0x0000000020000acc        0x4 ./Middlewares/Third_Party/FreeRTOS/Source/tasks.o
 .bss.uxSchedulerSuspended
                0x0000000020000ad0        0x4 ./Middlewares/Third_Party/FreeRTOS/Source/tasks.o
 .bss.ucMaxSysCallPriority
                0x0000000020000ad4        0x1 ./Middlewares/Third_Party/FreeRTOS/Source/portable/GCC/ARM_CM3/port.o
 *fill*         0x0000000020000ad5        0x3 
 .bss.ulMaxPRIGROUPValue
                0x0000000020000ad8        0x4 ./Middlewares/Third_Party/FreeRTOS/Source/portable/GCC/ARM_CM3/port.o
 .bss.ucHeap    0x0000000020000adc     0x1000 ./Middlewares/Third_Party/FreeRTOS/Source/portable/MemMang/heap_4.o
 .bss.xStart    0x0000000020001adc        0x8 ./Middlewares/Third_Party/FreeRTOS/Source/portable/MemMang/heap_4.o
 .bss.pxEnd     0x0000000020001ae4        0x4 ./Middlewares/Third_Party/FreeRTOS/Source/portable/MemMang/heap_4.o
 .bss.xFreeBytesRemaining
                0x0000000020001ae8        0x4 ./Middlewares/Third_Party/FreeRTOS/Source/portable/MemMang/heap_4.o
 .bss.xMinimumEverFreeBytesRemaining
                0x0000000020001aec        0x4 ./Middlewares/Third_Party/FreeRTOS/Source/portable/MemMang/heap_4.o
 .bss.xBlockAllocatedBit
                0x0000000020001af0        0x4 ./Middlewares/Third_Party/FreeRTOS/Source/portable/MemMang/heap_4.o
 .bss.__lock___malloc_recursive_mutex
                0x0000000020001af4        0x1 /opt/st/stm32cubeide_1.12.0/plugins/com.st.stm32cube.ide.mcu.externaltools.gnu-tools-for-stm32.10.3-2021.10.linux64_1.0.200.202301161003/tools/bin/../lib/gcc/arm-none-eabi/10.3.1/../../../../arm-none-eabi/lib/thumb/v7-m/nofp/libc_nano.a(lib_a-lock.o)
                0x0000000020001af4                __lock___malloc_recursive_mutex
 *fill*         0x0000000020001af5        0x3 
 .bss.__malloc_free_list
                0x0000000020001af8        0x4 /opt/st/stm32cubeide_1.12.0/plugins/com.st.stm32cube.ide.mcu.externaltools.gnu-tools-for-stm32.10.3-2021.10.linux64_1.0.200.202301161003/tools/bin/../lib/gcc/arm-none-eabi/10.3.1/../../../../arm-none-eabi/lib/thumb/v7-m/nofp/libc_nano.a(lib_a-nano-mallocr.o)
                0x0000000020001af8                __malloc_free_list
 *(COMMON)
                0x0000000020001afc                . = ALIGN (0x4)
                0x0000000020001afc                _ebss = .
                0x0000000020001afc                __bss_end__ = _ebss

._user_heap_stack
                0x0000000020001afc      0x604 load address 0x00000000080066a8
                0x0000000020001b00                . = ALIGN (0x8)
 *fill*         0x0000000020001afc        0x4 
                [!provide]                        PROVIDE (end = .)
                0x0000000020001b00                PROVIDE (_end = .)
                0x0000000020001d00                . = (. + _Min_Heap_Size)
 *fill*         0x0000000020001b00      0x200 
                0x0000000020002100                . = (. + _Min_Stack_Size)
 *fill*         0x0000000020001d00      0x400 
                0x0000000020002100                . = ALIGN (0x8)

/DISCARD/
 libc.a(*)
 libm.a(*)
 libgcc.a(*)

.ARM.attributes
                0x0000000000000000       0x29
 *(.ARM.attributes)
 .ARM.attributes
                0x0000000000000000       0x1d /opt/st/stm32cubeide_1.12.0/plugins/com.st.stm32cube.ide.mcu.externaltools.gnu-tools-for-stm32.10.3-2021.10.linux64_1.0.200.202301161003/tools/bin/../lib/gcc/arm-none-eabi/10.3.1/thumb/v7-m/nofp/crti.o
 .ARM.attributes
                0x000000000000001d       0x2d /opt/st/stm32cubeide_1.12.0/plugins/com.st.stm32cube.ide.mcu.externaltools.gnu-tools-for-stm32.10.3-2021.10.linux64_1.0.200.202301161003/tools/bin/../lib/gcc/arm-none-eabi/10.3.1/thumb/v7-m/nofp/crtbegin.o
 .ARM.attributes
                0x000000000000004a       0x2d ./Core/Src/freertos.o
 .ARM.attributes
                0x0000000000000077       0x2d ./Core/Src/main.o
 .ARM.attributes
                0x00000000000000a4       0x2d ./Core/Src/stm32f1xx_hal_msp.o
 .ARM.attributes
                0x00000000000000d1       0x2d ./Core/Src/stm32f1xx_it.o
 .ARM.attributes
                0x00000000000000fe       0x2d ./Core/Src/system_stm32f1xx.o
 .ARM.attributes
                0x000000000000012b       0x21 ./Core/Startup/startup_stm32f103c6tx.o
 .ARM.attributes
                0x000000000000014c       0x2d ./Drivers/STM32F1xx_HAL_Driver/Src/stm32f1xx_hal.o
 .ARM.attributes
                0x0000000000000179       0x2d ./Drivers/STM32F1xx_HAL_Driver/Src/stm32f1xx_hal_adc.o
 .ARM.attributes
                0x00000000000001a6       0x2d ./Drivers/STM32F1xx_HAL_Driver/Src/stm32f1xx_hal_can.o
 .ARM.attributes
                0x00000000000001d3       0x2d ./Drivers/STM32F1xx_HAL_Driver/Src/stm32f1xx_hal_cortex.o
 .ARM.attributes
                0x0000000000000200       0x2d ./Drivers/STM32F1xx_HAL_Driver/Src/stm32f1xx_hal_dma.o
 .ARM.attributes
                0x000000000000022d       0x2d ./Drivers/STM32F1xx_HAL_Driver/Src/stm32f1xx_hal_gpio.o
 .ARM.attributes
                0x000000000000025a       0x2d ./Drivers/STM32F1xx_HAL_Driver/Src/stm32f1xx_hal_rcc.o
 .ARM.attributes
                0x0000000000000287       0x2d ./Drivers/STM32F1xx_HAL_Driver/Src/stm32f1xx_hal_rcc_ex.o
 .ARM.attributes
                0x00000000000002b4       0x2d ./Drivers/STM32F1xx_HAL_Driver/Src/stm32f1xx_hal_tim.o
 .ARM.attributes
                0x00000000000002e1       0x2d ./Drivers/STM32F1xx_HAL_Driver/Src/stm32f1xx_hal_tim_ex.o
 .ARM.attributes
                0x000000000000030e       0x2d ./Middlewares/Third_Party/FreeRTOS/Source/CMSIS_RTOS/cmsis_os.o
 .ARM.attributes
                0x000000000000033b       0x2d ./Middlewares/Third_Party/FreeRTOS/Source/list.o
 .ARM.attributes
                0x0000000000000368       0x2d ./Middlewares/Third_Party/FreeRTOS/Source/tasks.o
 .ARM.attributes
                0x0000000000000395       0x2d ./Middlewares/Third_Party/FreeRTOS/Source/portable/GCC/ARM_CM3/port.o
 .ARM.attributes
                0x00000000000003c2       0x2d ./Middlewares/Third_Party/FreeRTOS/Source/portable/MemMang/heap_4.o
 .ARM.attributes
                0x00000000000003ef       0x2d /opt/st/stm32cubeide_1.12.0/plugins/com.st.stm32cube.ide.mcu.externaltools.gnu-tools-for-stm32.10.3-2021.10.linux64_1.0.200.202301161003/tools/bin/../lib/gcc/arm-none-eabi/10.3.1/../../../../arm-none-eabi/lib/thumb/v7-m/nofp/libc_nano.a(lib_a-findfp.o)
 .ARM.attributes
                0x000000000000041c       0x2d /opt/st/stm32cubeide_1.12.0/plugins/com.st.stm32cube.ide.mcu.externaltools.gnu-tools-for-stm32.10.3-2021.10.linux64_1.0.200.202301161003/tools/bin/../lib/gcc/arm-none-eabi/10.3.1/../../../../arm-none-eabi/lib/thumb/v7-m/nofp/libc_nano.a(lib_a-impure.o)
 .ARM.attributes
                0x0000000000000449       0x2d /opt/st/stm32cubeide_1.12.0/plugins/com.st.stm32cube.ide.mcu.externaltools.gnu-tools-for-stm32.10.3-2021.10.linux64_1.0.200.202301161003/tools/bin/../lib/gcc/arm-none-eabi/10.3.1/../../../../arm-none-eabi/lib/thumb/v7-m/nofp/libc_nano.a(lib_a-init.o)
 .ARM.attributes
                0x0000000000000476       0x2d /opt/st/stm32cubeide_1.12.0/plugins/com.st.stm32cube.ide.mcu.externaltools.gnu-tools-for-stm32.10.3-2021.10.linux64_1.0.200.202301161003/tools/bin/../lib/gcc/arm-none-eabi/10.3.1/../../../../arm-none-eabi/lib/thumb/v7-m/nofp/libc_nano.a(lib_a-lock.o)
 .ARM.attributes
                0x00000000000004a3       0x2d /opt/st/stm32cubeide_1.12.0/plugins/com.st.stm32cube.ide.mcu.externaltools.gnu-tools-for-stm32.10.3-2021.10.linux64_1.0.200.202301161003/tools/bin/../lib/gcc/arm-none-eabi/10.3.1/../../../../arm-none-eabi/lib/thumb/v7-m/nofp/libc_nano.a(lib_a-memset.o)
 .ARM.attributes
                0x00000000000004d0       0x2d /opt/st/stm32cubeide_1.12.0/plugins/com.st.stm32cube.ide.mcu.externaltools.gnu-tools-for-stm32.10.3-2021.10.linux64_1.0.200.202301161003/tools/bin/../lib/gcc/arm-none-eabi/10.3.1/../../../../arm-none-eabi/lib/thumb/v7-m/nofp/libc_nano.a(lib_a-nano-mallocr.o)
 .ARM.attributes
                0x00000000000004fd       0x2d /opt/st/stm32cubeide_1.12.0/plugins/com.st.stm32cube.ide.mcu.externaltools.gnu-tools-for-stm32.10.3-2021.10.linux64_1.0.200.202301161003/tools/bin/../lib/gcc/arm-none-eabi/10.3.1/../../../../arm-none-eabi/lib/thumb/v7-m/nofp/libc_nano.a(lib_a-reent.o)
 .ARM.attributes
                0x000000000000052a       0x2d /opt/st/stm32cubeide_1.12.0/plugins/com.st.stm32cube.ide.mcu.externaltools.gnu-tools-for-stm32.10.3-2021.10.linux64_1.0.200.202301161003/tools/bin/../lib/gcc/arm-none-eabi/10.3.1/../../../../arm-none-eabi/lib/thumb/v7-m/nofp/libc_nano.a(lib_a-mlock.o)
 .ARM.attributes
                0x0000000000000557       0x2d /opt/st/stm32cubeide_1.12.0/plugins/com.st.stm32cube.ide.mcu.externaltools.gnu-tools-for-stm32.10.3-2021.10.linux64_1.0.200.202301161003/tools/bin/../lib/gcc/arm-none-eabi/10.3.1/../../../../arm-none-eabi/lib/thumb/v7-m/nofp/libc_nano.a(lib_a-nano-freer.o)
 .ARM.attributes
                0x0000000000000584       0x1d /opt/st/stm32cubeide_1.12.0/plugins/com.st.stm32cube.ide.mcu.externaltools.gnu-tools-for-stm32.10.3-2021.10.linux64_1.0.200.202301161003/tools/bin/../lib/gcc/arm-none-eabi/10.3.1/thumb/v7-m/nofp/libgcc.a(_arm_addsubdf3.o)
 .ARM.attributes
                0x00000000000005a1       0x1d /opt/st/stm32cubeide_1.12.0/plugins/com.st.stm32cube.ide.mcu.externaltools.gnu-tools-for-stm32.10.3-2021.10.linux64_1.0.200.202301161003/tools/bin/../lib/gcc/arm-none-eabi/10.3.1/thumb/v7-m/nofp/libgcc.a(_arm_muldivdf3.o)
 .ARM.attributes
                0x00000000000005be       0x1d /opt/st/stm32cubeide_1.12.0/plugins/com.st.stm32cube.ide.mcu.externaltools.gnu-tools-for-stm32.10.3-2021.10.linux64_1.0.200.202301161003/tools/bin/../lib/gcc/arm-none-eabi/10.3.1/thumb/v7-m/nofp/libgcc.a(_arm_fixunsdfsi.o)
 .ARM.attributes
                0x00000000000005db       0x1d /opt/st/stm32cubeide_1.12.0/plugins/com.st.stm32cube.ide.mcu.externaltools.gnu-tools-for-stm32.10.3-2021.10.linux64_1.0.200.202301161003/tools/bin/../lib/gcc/arm-none-eabi/10.3.1/thumb/v7-m/nofp/libgcc.a(_arm_addsubsf3.o)
 .ARM.attributes
                0x00000000000005f8       0x1d /opt/st/stm32cubeide_1.12.0/plugins/com.st.stm32cube.ide.mcu.externaltools.gnu-tools-for-stm32.10.3-2021.10.linux64_1.0.200.202301161003/tools/bin/../lib/gcc/arm-none-eabi/10.3.1/thumb/v7-m/nofp/libgcc.a(_arm_muldivsf3.o)
 .ARM.attributes
                0x0000000000000615       0x1d /opt/st/stm32cubeide_1.12.0/plugins/com.st.stm32cube.ide.mcu.externaltools.gnu-tools-for-stm32.10.3-2021.10.linux64_1.0.200.202301161003/tools/bin/../lib/gcc/arm-none-eabi/10.3.1/thumb/v7-m/nofp/libgcc.a(_arm_cmpsf2.o)
 .ARM.attributes
                0x0000000000000632       0x1d /opt/st/stm32cubeide_1.12.0/plugins/com.st.stm32cube.ide.mcu.externaltools.gnu-tools-for-stm32.10.3-2021.10.linux64_1.0.200.202301161003/tools/bin/../lib/gcc/arm-none-eabi/10.3.1/thumb/v7-m/nofp/libgcc.a(_arm_fixunssfsi.o)
 .ARM.attributes
                0x000000000000064f       0x1d /opt/st/stm32cubeide_1.12.0/plugins/com.st.stm32cube.ide.mcu.externaltools.gnu-tools-for-stm32.10.3-2021.10.linux64_1.0.200.202301161003/tools/bin/../lib/gcc/arm-none-eabi/10.3.1/thumb/v7-m/nofp/crtn.o
OUTPUT(ECM.elf elf32-littlearm)
LOAD linker stubs
LOAD /opt/st/stm32cubeide_1.12.0/plugins/com.st.stm32cube.ide.mcu.externaltools.gnu-tools-for-stm32.10.3-2021.10.linux64_1.0.200.202301161003/tools/bin/../lib/gcc/arm-none-eabi/10.3.1/../../../../arm-none-eabi/lib/thumb/v7-m/nofp/libc.a
LOAD /opt/st/stm32cubeide_1.12.0/plugins/com.st.stm32cube.ide.mcu.externaltools.gnu-tools-for-stm32.10.3-2021.10.linux64_1.0.200.202301161003/tools/bin/../lib/gcc/arm-none-eabi/10.3.1/../../../../arm-none-eabi/lib/thumb/v7-m/nofp/libm.a
LOAD /opt/st/stm32cubeide_1.12.0/plugins/com.st.stm32cube.ide.mcu.externaltools.gnu-tools-for-stm32.10.3-2021.10.linux64_1.0.200.202301161003/tools/bin/../lib/gcc/arm-none-eabi/10.3.1/thumb/v7-m/nofp/libgcc.a

.debug_info     0x0000000000000000    0x12641
 .debug_info    0x0000000000000000      0x9b6 ./Core/Src/freertos.o
 .debug_info    0x00000000000009b6     0x256a ./Core/Src/main.o
 .debug_info    0x0000000000002f20     0x12a0 ./Core/Src/stm32f1xx_hal_msp.o
 .debug_info    0x00000000000041c0      0x779 ./Core/Src/stm32f1xx_it.o
 .debug_info    0x0000000000004939      0x23d ./Core/Src/system_stm32f1xx.o
 .debug_info    0x0000000000004b76       0x22 ./Core/Startup/startup_stm32f103c6tx.o
 .debug_info    0x0000000000004b98      0x716 ./Drivers/STM32F1xx_HAL_Driver/Src/stm32f1xx_hal.o
 .debug_info    0x00000000000052ae      0xcd9 ./Drivers/STM32F1xx_HAL_Driver/Src/stm32f1xx_hal_adc.o
 .debug_info    0x0000000000005f87      0xfb3 ./Drivers/STM32F1xx_HAL_Driver/Src/stm32f1xx_hal_can.o
 .debug_info    0x0000000000006f3a      0xb02 ./Drivers/STM32F1xx_HAL_Driver/Src/stm32f1xx_hal_cortex.o
 .debug_info    0x0000000000007a3c      0x73f ./Drivers/STM32F1xx_HAL_Driver/Src/stm32f1xx_hal_dma.o
 .debug_info    0x000000000000817b      0x615 ./Drivers/STM32F1xx_HAL_Driver/Src/stm32f1xx_hal_gpio.o
 .debug_info    0x0000000000008790      0x860 ./Drivers/STM32F1xx_HAL_Driver/Src/stm32f1xx_hal_rcc.o
 .debug_info    0x0000000000008ff0      0x3e0 ./Drivers/STM32F1xx_HAL_Driver/Src/stm32f1xx_hal_rcc_ex.o
 .debug_info    0x00000000000093d0     0x29de ./Drivers/STM32F1xx_HAL_Driver/Src/stm32f1xx_hal_tim.o
 .debug_info    0x000000000000bdae     0x1513 ./Drivers/STM32F1xx_HAL_Driver/Src/stm32f1xx_hal_tim_ex.o
 .debug_info    0x000000000000d2c1     0x232c ./Middlewares/Third_Party/FreeRTOS/Source/CMSIS_RTOS/cmsis_os.o
 .debug_info    0x000000000000f5ed      0x2cb ./Middlewares/Third_Party/FreeRTOS/Source/list.o
 .debug_info    0x000000000000f8b8     0x24ea ./Middlewares/Third_Party/FreeRTOS/Source/tasks.o
 .debug_info    0x0000000000011da2      0x4b7 ./Middlewares/Third_Party/FreeRTOS/Source/portable/GCC/ARM_CM3/port.o
 .debug_info    0x0000000000012259      0x3e8 ./Middlewares/Third_Party/FreeRTOS/Source/portable/MemMang/heap_4.o

.debug_abbrev   0x0000000000000000     0x2d68
 .debug_abbrev  0x0000000000000000      0x169 ./Core/Src/freertos.o
 .debug_abbrev  0x0000000000000169      0x3c5 ./Core/Src/main.o
 .debug_abbrev  0x000000000000052e      0x271 ./Core/Src/stm32f1xx_hal_msp.o
 .debug_abbrev  0x000000000000079f      0x1c1 ./Core/Src/stm32f1xx_it.o
 .debug_abbrev  0x0000000000000960      0x13b ./Core/Src/system_stm32f1xx.o
 .debug_abbrev  0x0000000000000a9b       0x12 ./Core/Startup/startup_stm32f103c6tx.o
 .debug_abbrev  0x0000000000000aad      0x1fb ./Drivers/STM32F1xx_HAL_Driver/Src/stm32f1xx_hal.o
 .debug_abbrev  0x0000000000000ca8      0x210 ./Drivers/STM32F1xx_HAL_Driver/Src/stm32f1xx_hal_adc.o
 .debug_abbrev  0x0000000000000eb8      0x20c ./Drivers/STM32F1xx_HAL_Driver/Src/stm32f1xx_hal_can.o
 .debug_abbrev  0x00000000000010c4      0x2ed ./Drivers/STM32F1xx_HAL_Driver/Src/stm32f1xx_hal_cortex.o
 .debug_abbrev  0x00000000000013b1      0x1fe ./Drivers/STM32F1xx_HAL_Driver/Src/stm32f1xx_hal_dma.o
 .debug_abbrev  0x00000000000015af      0x1bb ./Drivers/STM32F1xx_HAL_Driver/Src/stm32f1xx_hal_gpio.o
 .debug_abbrev  0x000000000000176a      0x2a8 ./Drivers/STM32F1xx_HAL_Driver/Src/stm32f1xx_hal_rcc.o
 .debug_abbrev  0x0000000000001a12      0x182 ./Drivers/STM32F1xx_HAL_Driver/Src/stm32f1xx_hal_rcc_ex.o
 .debug_abbrev  0x0000000000001b94      0x25d ./Drivers/STM32F1xx_HAL_Driver/Src/stm32f1xx_hal_tim.o
 .debug_abbrev  0x0000000000001df1      0x265 ./Drivers/STM32F1xx_HAL_Driver/Src/stm32f1xx_hal_tim_ex.o
 .debug_abbrev  0x0000000000002056      0x406 ./Middlewares/Third_Party/FreeRTOS/Source/CMSIS_RTOS/cmsis_os.o
 .debug_abbrev  0x000000000000245c       0xf2 ./Middlewares/Third_Party/FreeRTOS/Source/list.o
 .debug_abbrev  0x000000000000254e      0x3c4 ./Middlewares/Third_Party/FreeRTOS/Source/tasks.o
 .debug_abbrev  0x0000000000002912      0x257 ./Middlewares/Third_Party/FreeRTOS/Source/portable/GCC/ARM_CM3/port.o
 .debug_abbrev  0x0000000000002b69      0x1ff ./Middlewares/Third_Party/FreeRTOS/Source/portable/MemMang/heap_4.o

.debug_aranges  0x0000000000000000     0x1140
 .debug_aranges
                0x0000000000000000       0x20 ./Core/Src/freertos.o
 .debug_aranges
                0x0000000000000020       0xa8 ./Core/Src/main.o
 .debug_aranges
                0x00000000000000c8       0x58 ./Core/Src/stm32f1xx_hal_msp.o
 .debug_aranges
                0x0000000000000120       0x70 ./Core/Src/stm32f1xx_it.o
 .debug_aranges
                0x0000000000000190       0x28 ./Core/Src/system_stm32f1xx.o
 .debug_aranges
                0x00000000000001b8       0x28 ./Core/Startup/startup_stm32f103c6tx.o
 .debug_aranges
                0x00000000000001e0       0xe0 ./Drivers/STM32F1xx_HAL_Driver/Src/stm32f1xx_hal.o
 .debug_aranges
                0x00000000000002c0       0xf0 ./Drivers/STM32F1xx_HAL_Driver/Src/stm32f1xx_hal_adc.o
 .debug_aranges
                0x00000000000003b0      0x138 ./Drivers/STM32F1xx_HAL_Driver/Src/stm32f1xx_hal_can.o
 .debug_aranges
                0x00000000000004e8      0x100 ./Drivers/STM32F1xx_HAL_Driver/Src/stm32f1xx_hal_cortex.o
 .debug_aranges
                0x00000000000005e8       0x80 ./Drivers/STM32F1xx_HAL_Driver/Src/stm32f1xx_hal_dma.o
 .debug_aranges
                0x0000000000000668       0x58 ./Drivers/STM32F1xx_HAL_Driver/Src/stm32f1xx_hal_gpio.o
 .debug_aranges
                0x00000000000006c0       0x90 ./Drivers/STM32F1xx_HAL_Driver/Src/stm32f1xx_hal_rcc.o
 .debug_aranges
                0x0000000000000750       0x30 ./Drivers/STM32F1xx_HAL_Driver/Src/stm32f1xx_hal_rcc_ex.o
 .debug_aranges
                0x0000000000000780      0x3d0 ./Drivers/STM32F1xx_HAL_Driver/Src/stm32f1xx_hal_tim.o
 .debug_aranges
                0x0000000000000b50      0x168 ./Drivers/STM32F1xx_HAL_Driver/Src/stm32f1xx_hal_tim_ex.o
 .debug_aranges
                0x0000000000000cb8      0x1d8 ./Middlewares/Third_Party/FreeRTOS/Source/CMSIS_RTOS/cmsis_os.o
 .debug_aranges
                0x0000000000000e90       0x40 ./Middlewares/Third_Party/FreeRTOS/Source/list.o
 .debug_aranges
                0x0000000000000ed0      0x1a8 ./Middlewares/Third_Party/FreeRTOS/Source/tasks.o
 .debug_aranges
                0x0000000000001078       0x78 ./Middlewares/Third_Party/FreeRTOS/Source/portable/GCC/ARM_CM3/port.o
 .debug_aranges
                0x00000000000010f0       0x50 ./Middlewares/Third_Party/FreeRTOS/Source/portable/MemMang/heap_4.o

.debug_ranges   0x0000000000000000      0xff8
 .debug_ranges  0x0000000000000000       0x10 ./Core/Src/freertos.o
 .debug_ranges  0x0000000000000010       0x98 ./Core/Src/main.o
 .debug_ranges  0x00000000000000a8       0x48 ./Core/Src/stm32f1xx_hal_msp.o
 .debug_ranges  0x00000000000000f0       0x60 ./Core/Src/stm32f1xx_it.o
 .debug_ranges  0x0000000000000150       0x18 ./Core/Src/system_stm32f1xx.o
 .debug_ranges  0x0000000000000168       0x20 ./Core/Startup/startup_stm32f103c6tx.o
 .debug_ranges  0x0000000000000188       0xd0 ./Drivers/STM32F1xx_HAL_Driver/Src/stm32f1xx_hal.o
 .debug_ranges  0x0000000000000258       0xe0 ./Drivers/STM32F1xx_HAL_Driver/Src/stm32f1xx_hal_adc.o
 .debug_ranges  0x0000000000000338      0x128 ./Drivers/STM32F1xx_HAL_Driver/Src/stm32f1xx_hal_can.o
 .debug_ranges  0x0000000000000460       0xf0 ./Drivers/STM32F1xx_HAL_Driver/Src/stm32f1xx_hal_cortex.o
 .debug_ranges  0x0000000000000550       0x70 ./Drivers/STM32F1xx_HAL_Driver/Src/stm32f1xx_hal_dma.o
 .debug_ranges  0x00000000000005c0       0x48 ./Drivers/STM32F1xx_HAL_Driver/Src/stm32f1xx_hal_gpio.o
 .debug_ranges  0x0000000000000608       0x80 ./Drivers/STM32F1xx_HAL_Driver/Src/stm32f1xx_hal_rcc.o
 .debug_ranges  0x0000000000000688       0x20 ./Drivers/STM32F1xx_HAL_Driver/Src/stm32f1xx_hal_rcc_ex.o
 .debug_ranges  0x00000000000006a8      0x3c0 ./Drivers/STM32F1xx_HAL_Driver/Src/stm32f1xx_hal_tim.o
 .debug_ranges  0x0000000000000a68      0x158 ./Drivers/STM32F1xx_HAL_Driver/Src/stm32f1xx_hal_tim_ex.o
 .debug_ranges  0x0000000000000bc0      0x1c8 ./Middlewares/Third_Party/FreeRTOS/Source/CMSIS_RTOS/cmsis_os.o
 .debug_ranges  0x0000000000000d88       0x30 ./Middlewares/Third_Party/FreeRTOS/Source/list.o
 .debug_ranges  0x0000000000000db8      0x198 ./Middlewares/Third_Party/FreeRTOS/Source/tasks.o
 .debug_ranges  0x0000000000000f50       0x68 ./Middlewares/Third_Party/FreeRTOS/Source/portable/GCC/ARM_CM3/port.o
 .debug_ranges  0x0000000000000fb8       0x40 ./Middlewares/Third_Party/FreeRTOS/Source/portable/MemMang/heap_4.o

.debug_macro    0x0000000000000000    0x19537
 .debug_macro   0x0000000000000000      0x2ca ./Core/Src/freertos.o
 .debug_macro   0x00000000000002ca      0xa6c ./Core/Src/freertos.o
 .debug_macro   0x0000000000000d36      0x174 ./Core/Src/freertos.o
 .debug_macro   0x0000000000000eaa       0x22 ./Core/Src/freertos.o
 .debug_macro   0x0000000000000ecc       0x8e ./Core/Src/freertos.o
 .debug_macro   0x0000000000000f5a       0x51 ./Core/Src/freertos.o
 .debug_macro   0x0000000000000fab      0x103 ./Core/Src/freertos.o
 .debug_macro   0x00000000000010ae       0x6a ./Core/Src/freertos.o
 .debug_macro   0x0000000000001118      0x1df ./Core/Src/freertos.o
 .debug_macro   0x00000000000012f7       0xd6 ./Core/Src/freertos.o
 .debug_macro   0x00000000000013cd      0x15a ./Core/Src/freertos.o
 .debug_macro   0x0000000000001527       0xd7 ./Core/Src/freertos.o
 .debug_macro   0x00000000000015fe       0x10 ./Core/Src/freertos.o
 .debug_macro   0x000000000000160e       0x1f ./Core/Src/freertos.o
 .debug_macro   0x000000000000162d       0x52 ./Core/Src/freertos.o
 .debug_macro   0x000000000000167f       0x18 ./Core/Src/freertos.o
 .debug_macro   0x0000000000001697       0x3c ./Core/Src/freertos.o
 .debug_macro   0x00000000000016d3       0x34 ./Core/Src/freertos.o
 .debug_macro   0x0000000000001707       0x16 ./Core/Src/freertos.o
 .debug_macro   0x000000000000171d       0x43 ./Core/Src/freertos.o
 .debug_macro   0x0000000000001760       0x34 ./Core/Src/freertos.o
 .debug_macro   0x0000000000001794       0x10 ./Core/Src/freertos.o
 .debug_macro   0x00000000000017a4       0x58 ./Core/Src/freertos.o
 .debug_macro   0x00000000000017fc       0x71 ./Core/Src/freertos.o
 .debug_macro   0x000000000000186d       0x1c ./Core/Src/freertos.o
 .debug_macro   0x0000000000001889      0x12a ./Core/Src/freertos.o
 .debug_macro   0x00000000000019b3       0x10 ./Core/Src/freertos.o
 .debug_macro   0x00000000000019c3       0x35 ./Core/Src/freertos.o
 .debug_macro   0x00000000000019f8      0x4b1 ./Core/Src/freertos.o
 .debug_macro   0x0000000000001ea9       0xb5 ./Core/Src/freertos.o
 .debug_macro   0x0000000000001f5e       0x8c ./Core/Src/freertos.o
 .debug_macro   0x0000000000001fea      0x227 ./Core/Src/freertos.o
 .debug_macro   0x0000000000002211       0x2e ./Core/Src/freertos.o
 .debug_macro   0x000000000000223f       0x22 ./Core/Src/freertos.o
 .debug_macro   0x0000000000002261       0x1c ./Core/Src/freertos.o
 .debug_macro   0x000000000000227d       0x22 ./Core/Src/freertos.o
 .debug_macro   0x000000000000229f       0xbd ./Core/Src/freertos.o
 .debug_macro   0x000000000000235c      0xd23 ./Core/Src/freertos.o
 .debug_macro   0x000000000000307f     0xde75 ./Core/Src/freertos.o
 .debug_macro   0x0000000000010ef4       0x6d ./Core/Src/freertos.o
 .debug_macro   0x0000000000010f61     0x3468 ./Core/Src/freertos.o
 .debug_macro   0x00000000000143c9       0x5c ./Core/Src/freertos.o
 .debug_macro   0x0000000000014425      0x5be ./Core/Src/freertos.o
 .debug_macro   0x00000000000149e3      0x1b7 ./Core/Src/freertos.o
 .debug_macro   0x0000000000014b9a      0x1cb ./Core/Src/freertos.o
 .debug_macro   0x0000000000014d65      0x114 ./Core/Src/freertos.o
 .debug_macro   0x0000000000014e79      0x1b2 ./Core/Src/freertos.o
 .debug_macro   0x000000000001502b       0x27 ./Core/Src/freertos.o
 .debug_macro   0x0000000000015052      0x12f ./Core/Src/freertos.o
 .debug_macro   0x0000000000015181      0x1bc ./Core/Src/freertos.o
 .debug_macro   0x000000000001533d       0x34 ./Core/Src/freertos.o
 .debug_macro   0x0000000000015371       0x3c ./Core/Src/freertos.o
 .debug_macro   0x00000000000153ad      0x408 ./Core/Src/freertos.o
 .debug_macro   0x00000000000157b5       0x57 ./Core/Src/freertos.o
 .debug_macro   0x000000000001580c      0x46a ./Core/Src/freertos.o
 .debug_macro   0x0000000000015c76      0x1b5 ./Core/Src/freertos.o
 .debug_macro   0x0000000000015e2b       0x88 ./Core/Src/freertos.o
 .debug_macro   0x0000000000015eb3      0x183 ./Core/Src/freertos.o
 .debug_macro   0x0000000000016036      0x141 ./Core/Src/freertos.o
 .debug_macro   0x0000000000016177      0x8d1 ./Core/Src/freertos.o
 .debug_macro   0x0000000000016a48       0x69 ./Core/Src/freertos.o
 .debug_macro   0x0000000000016ab1       0x64 ./Core/Src/freertos.o
 .debug_macro   0x0000000000016b15      0x346 ./Core/Src/main.o
 .debug_macro   0x0000000000016e5b       0xd6 ./Core/Src/main.o
 .debug_macro   0x0000000000016f31       0x91 ./Core/Src/main.o
 .debug_macro   0x0000000000016fc2       0x8d ./Core/Src/main.o
 .debug_macro   0x000000000001704f       0x7e ./Core/Src/main.o
 .debug_macro   0x00000000000170cd       0x19 ./Core/Src/main.o
 .debug_macro   0x00000000000170e6       0xf2 ./Core/Src/main.o
 .debug_macro   0x00000000000171d8       0x22 ./Core/Src/main.o
 .debug_macro   0x00000000000171fa      0x1c5 ./Core/Src/stm32f1xx_hal_msp.o
 .debug_macro   0x00000000000173bf      0x2d4 ./Core/Src/stm32f1xx_it.o
 .debug_macro   0x0000000000017693      0x1b6 ./Core/Src/system_stm32f1xx.o
 .debug_macro   0x0000000000017849      0x1da ./Drivers/STM32F1xx_HAL_Driver/Src/stm32f1xx_hal.o
 .debug_macro   0x0000000000017a23      0x1d3 ./Drivers/STM32F1xx_HAL_Driver/Src/stm32f1xx_hal_adc.o
 .debug_macro   0x0000000000017bf6      0x1be ./Drivers/STM32F1xx_HAL_Driver/Src/stm32f1xx_hal_can.o
 .debug_macro   0x0000000000017db4      0x1b6 ./Drivers/STM32F1xx_HAL_Driver/Src/stm32f1xx_hal_cortex.o
 .debug_macro   0x0000000000017f6a      0x1b6 ./Drivers/STM32F1xx_HAL_Driver/Src/stm32f1xx_hal_dma.o
 .debug_macro   0x0000000000018120      0x221 ./Drivers/STM32F1xx_HAL_Driver/Src/stm32f1xx_hal_gpio.o
 .debug_macro   0x0000000000018341      0x1c8 ./Drivers/STM32F1xx_HAL_Driver/Src/stm32f1xx_hal_rcc.o
 .debug_macro   0x0000000000018509      0x1b6 ./Drivers/STM32F1xx_HAL_Driver/Src/stm32f1xx_hal_rcc_ex.o
 .debug_macro   0x00000000000186bf      0x1b7 ./Drivers/STM32F1xx_HAL_Driver/Src/stm32f1xx_hal_tim.o
 .debug_macro   0x0000000000018876      0x1b6 ./Drivers/STM32F1xx_HAL_Driver/Src/stm32f1xx_hal_tim_ex.o
 .debug_macro   0x0000000000018a2c      0x210 ./Middlewares/Third_Party/FreeRTOS/Source/CMSIS_RTOS/cmsis_os.o
 .debug_macro   0x0000000000018c3c       0x10 ./Middlewares/Third_Party/FreeRTOS/Source/CMSIS_RTOS/cmsis_os.o
 .debug_macro   0x0000000000018c4c       0x20 ./Middlewares/Third_Party/FreeRTOS/Source/CMSIS_RTOS/cmsis_os.o
 .debug_macro   0x0000000000018c6c       0x16 ./Middlewares/Third_Party/FreeRTOS/Source/CMSIS_RTOS/cmsis_os.o
 .debug_macro   0x0000000000018c82       0xab ./Middlewares/Third_Party/FreeRTOS/Source/CMSIS_RTOS/cmsis_os.o
 .debug_macro   0x0000000000018d2d      0x199 ./Middlewares/Third_Party/FreeRTOS/Source/list.o
 .debug_macro   0x0000000000018ec6      0x292 ./Middlewares/Third_Party/FreeRTOS/Source/tasks.o
 .debug_macro   0x0000000000019158       0x10 ./Middlewares/Third_Party/FreeRTOS/Source/tasks.o
 .debug_macro   0x0000000000019168      0x20f ./Middlewares/Third_Party/FreeRTOS/Source/portable/GCC/ARM_CM3/port.o
 .debug_macro   0x0000000000019377      0x1c0 ./Middlewares/Third_Party/FreeRTOS/Source/portable/MemMang/heap_4.o

.debug_line     0x0000000000000000    0x11f18
 .debug_line    0x0000000000000000      0x8a7 ./Core/Src/freertos.o
 .debug_line    0x00000000000008a7      0xe85 ./Core/Src/main.o
 .debug_line    0x000000000000172c      0x7e0 ./Core/Src/stm32f1xx_hal_msp.o
 .debug_line    0x0000000000001f0c      0x9b1 ./Core/Src/stm32f1xx_it.o
 .debug_line    0x00000000000028bd      0x704 ./Core/Src/system_stm32f1xx.o
 .debug_line    0x0000000000002fc1       0x87 ./Core/Startup/startup_stm32f103c6tx.o
 .debug_line    0x0000000000003048      0x931 ./Drivers/STM32F1xx_HAL_Driver/Src/stm32f1xx_hal.o
 .debug_line    0x0000000000003979      0xfa8 ./Drivers/STM32F1xx_HAL_Driver/Src/stm32f1xx_hal_adc.o
 .debug_line    0x0000000000004921     0x10d2 ./Drivers/STM32F1xx_HAL_Driver/Src/stm32f1xx_hal_can.o
 .debug_line    0x00000000000059f3      0xb19 ./Drivers/STM32F1xx_HAL_Driver/Src/stm32f1xx_hal_cortex.o
 .debug_line    0x000000000000650c      0xd89 ./Drivers/STM32F1xx_HAL_Driver/Src/stm32f1xx_hal_dma.o
 .debug_line    0x0000000000007295      0x9b3 ./Drivers/STM32F1xx_HAL_Driver/Src/stm32f1xx_hal_gpio.o
 .debug_line    0x0000000000007c48      0xd3f ./Drivers/STM32F1xx_HAL_Driver/Src/stm32f1xx_hal_rcc.o
 .debug_line    0x0000000000008987      0x87d ./Drivers/STM32F1xx_HAL_Driver/Src/stm32f1xx_hal_rcc_ex.o
 .debug_line    0x0000000000009204     0x329d ./Drivers/STM32F1xx_HAL_Driver/Src/stm32f1xx_hal_tim.o
 .debug_line    0x000000000000c4a1     0x1827 ./Drivers/STM32F1xx_HAL_Driver/Src/stm32f1xx_hal_tim_ex.o
 .debug_line    0x000000000000dcc8     0x11a9 ./Middlewares/Third_Party/FreeRTOS/Source/CMSIS_RTOS/cmsis_os.o
 .debug_line    0x000000000000ee71      0x6e4 ./Middlewares/Third_Party/FreeRTOS/Source/list.o
 .debug_line    0x000000000000f555     0x18cb ./Middlewares/Third_Party/FreeRTOS/Source/tasks.o
 .debug_line    0x0000000000010e20      0x852 ./Middlewares/Third_Party/FreeRTOS/Source/portable/GCC/ARM_CM3/port.o
 .debug_line    0x0000000000011672      0x8a6 ./Middlewares/Third_Party/FreeRTOS/Source/portable/MemMang/heap_4.o

.debug_str      0x0000000000000000    0x950a5
 .debug_str     0x0000000000000000    0x8b423 ./Core/Src/freertos.o
                                      0x8b7eb (size before relaxing)
 .debug_str     0x000000000008b423     0x364d ./Core/Src/main.o
                                      0x8ef2b (size before relaxing)
 .debug_str     0x000000000008ea70       0xfb ./Core/Src/stm32f1xx_hal_msp.o
                                      0x86cc2 (size before relaxing)
 .debug_str     0x000000000008eb6b      0x162 ./Core/Src/stm32f1xx_it.o
                                      0x8b969 (size before relaxing)
 .debug_str     0x000000000008eccd       0x7e ./Core/Src/system_stm32f1xx.o
                                      0x85f0e (size before relaxing)
 .debug_str     0x000000000008ed4b       0x64 ./Core/Startup/startup_stm32f103c6tx.o
 .debug_str     0x000000000008edaf      0x382 ./Drivers/STM32F1xx_HAL_Driver/Src/stm32f1xx_hal.o
                                      0x86607 (size before relaxing)
 .debug_str     0x000000000008f131      0x37f ./Drivers/STM32F1xx_HAL_Driver/Src/stm32f1xx_hal_adc.o
                                      0x865eb (size before relaxing)
 .debug_str     0x000000000008f4b0      0x561 ./Drivers/STM32F1xx_HAL_Driver/Src/stm32f1xx_hal_can.o
                                      0x8670e (size before relaxing)
 .debug_str     0x000000000008fa11      0x263 ./Drivers/STM32F1xx_HAL_Driver/Src/stm32f1xx_hal_cortex.o
                                      0x86553 (size before relaxing)
 .debug_str     0x000000000008fc74      0x1e7 ./Drivers/STM32F1xx_HAL_Driver/Src/stm32f1xx_hal_dma.o
                                      0x862b7 (size before relaxing)
 .debug_str     0x000000000008fe5b      0x2a8 ./Drivers/STM32F1xx_HAL_Driver/Src/stm32f1xx_hal_gpio.o
                                      0x86294 (size before relaxing)
 .debug_str     0x0000000000090103      0x229 ./Drivers/STM32F1xx_HAL_Driver/Src/stm32f1xx_hal_rcc.o
                                      0x8633d (size before relaxing)
 .debug_str     0x000000000009032c       0x84 ./Drivers/STM32F1xx_HAL_Driver/Src/stm32f1xx_hal_rcc_ex.o
                                      0x8608d (size before relaxing)
 .debug_str     0x00000000000903b0      0xcdd ./Drivers/STM32F1xx_HAL_Driver/Src/stm32f1xx_hal_tim.o
                                      0x87328 (size before relaxing)
 .debug_str     0x000000000009108d      0x493 ./Drivers/STM32F1xx_HAL_Driver/Src/stm32f1xx_hal_tim_ex.o
                                      0x86b44 (size before relaxing)
 .debug_str     0x0000000000091520     0x1ec6 ./Middlewares/Third_Party/FreeRTOS/Source/CMSIS_RTOS/cmsis_os.o
                                       0xe063 (size before relaxing)
 .debug_str     0x00000000000933e6      0x21b ./Middlewares/Third_Party/FreeRTOS/Source/list.o
                                       0xa317 (size before relaxing)
 .debug_str     0x0000000000093601     0x11f3 ./Middlewares/Third_Party/FreeRTOS/Source/tasks.o
                                       0xc9d6 (size before relaxing)
 .debug_str     0x00000000000947f4      0x66e ./Middlewares/Third_Party/FreeRTOS/Source/portable/GCC/ARM_CM3/port.o
                                       0x9a50 (size before relaxing)
 .debug_str     0x0000000000094e62      0x243 ./Middlewares/Third_Party/FreeRTOS/Source/portable/MemMang/heap_4.o
                                       0xaa64 (size before relaxing)

.comment        0x0000000000000000       0x50
 .comment       0x0000000000000000       0x50 ./Core/Src/freertos.o
                                         0x51 (size before relaxing)
 .comment       0x0000000000000050       0x51 ./Core/Src/main.o
 .comment       0x0000000000000050       0x51 ./Core/Src/stm32f1xx_hal_msp.o
 .comment       0x0000000000000050       0x51 ./Core/Src/stm32f1xx_it.o
 .comment       0x0000000000000050       0x51 ./Core/Src/system_stm32f1xx.o
 .comment       0x0000000000000050       0x51 ./Drivers/STM32F1xx_HAL_Driver/Src/stm32f1xx_hal.o
 .comment       0x0000000000000050       0x51 ./Drivers/STM32F1xx_HAL_Driver/Src/stm32f1xx_hal_adc.o
 .comment       0x0000000000000050       0x51 ./Drivers/STM32F1xx_HAL_Driver/Src/stm32f1xx_hal_can.o
 .comment       0x0000000000000050       0x51 ./Drivers/STM32F1xx_HAL_Driver/Src/stm32f1xx_hal_cortex.o
 .comment       0x0000000000000050       0x51 ./Drivers/STM32F1xx_HAL_Driver/Src/stm32f1xx_hal_dma.o
 .comment       0x0000000000000050       0x51 ./Drivers/STM32F1xx_HAL_Driver/Src/stm32f1xx_hal_gpio.o
 .comment       0x0000000000000050       0x51 ./Drivers/STM32F1xx_HAL_Driver/Src/stm32f1xx_hal_rcc.o
 .comment       0x0000000000000050       0x51 ./Drivers/STM32F1xx_HAL_Driver/Src/stm32f1xx_hal_rcc_ex.o
 .comment       0x0000000000000050       0x51 ./Drivers/STM32F1xx_HAL_Driver/Src/stm32f1xx_hal_tim.o
 .comment       0x0000000000000050       0x51 ./Drivers/STM32F1xx_HAL_Driver/Src/stm32f1xx_hal_tim_ex.o
 .comment       0x0000000000000050       0x51 ./Middlewares/Third_Party/FreeRTOS/Source/CMSIS_RTOS/cmsis_os.o
 .comment       0x0000000000000050       0x51 ./Middlewares/Third_Party/FreeRTOS/Source/list.o
 .comment       0x0000000000000050       0x51 ./Middlewares/Third_Party/FreeRTOS/Source/tasks.o
 .comment       0x0000000000000050       0x51 ./Middlewares/Third_Party/FreeRTOS/Source/portable/GCC/ARM_CM3/port.o
 .comment       0x0000000000000050       0x51 ./Middlewares/Third_Party/FreeRTOS/Source/portable/MemMang/heap_4.o

.debug_frame    0x0000000000000000     0x4d00
 .debug_frame   0x0000000000000000       0x38 ./Core/Src/freertos.o
 .debug_frame   0x0000000000000038      0x280 ./Core/Src/main.o
 .debug_frame   0x00000000000002b8      0x130 ./Core/Src/stm32f1xx_hal_msp.o
 .debug_frame   0x00000000000003e8      0x134 ./Core/Src/stm32f1xx_it.o
 .debug_frame   0x000000000000051c       0x58 ./Core/Src/system_stm32f1xx.o
 .debug_frame   0x0000000000000574      0x334 ./Drivers/STM32F1xx_HAL_Driver/Src/stm32f1xx_hal.o
 .debug_frame   0x00000000000008a8      0x40c ./Drivers/STM32F1xx_HAL_Driver/Src/stm32f1xx_hal_adc.o
 .debug_frame   0x0000000000000cb4      0x5a0 ./Drivers/STM32F1xx_HAL_Driver/Src/stm32f1xx_hal_can.o
 .debug_frame   0x0000000000001254      0x428 ./Drivers/STM32F1xx_HAL_Driver/Src/stm32f1xx_hal_cortex.o
 .debug_frame   0x000000000000167c      0x208 ./Drivers/STM32F1xx_HAL_Driver/Src/stm32f1xx_hal_dma.o
 .debug_frame   0x0000000000001884      0x14c ./Drivers/STM32F1xx_HAL_Driver/Src/stm32f1xx_hal_gpio.o
 .debug_frame   0x00000000000019d0      0x21c ./Drivers/STM32F1xx_HAL_Driver/Src/stm32f1xx_hal_rcc.o
 .debug_frame   0x0000000000001bec       0x84 ./Drivers/STM32F1xx_HAL_Driver/Src/stm32f1xx_hal_rcc_ex.o
 .debug_frame   0x0000000000001c70     0x11b8 ./Drivers/STM32F1xx_HAL_Driver/Src/stm32f1xx_hal_tim.o
 .debug_frame   0x0000000000002e28      0x638 ./Drivers/STM32F1xx_HAL_Driver/Src/stm32f1xx_hal_tim_ex.o
 .debug_frame   0x0000000000003460      0x80c ./Middlewares/Third_Party/FreeRTOS/Source/CMSIS_RTOS/cmsis_os.o
 .debug_frame   0x0000000000003c6c       0xd8 ./Middlewares/Third_Party/FreeRTOS/Source/list.o