../Core/Src/main.c:107:6:HAL_GPIO_EXTI_Callback	16	static
../Core/Src/main.c:115:6:HAL_TIM_PeriodElapsedCallback	24	static
../Core/Src/main.c:151:6:HAL_TIM_OC_DelayElapsedCallback	16	static
../Core/Src/main.c:166:5:main	160	static
../Core/Src/main.c:262:6:SystemClock_Config	88	static
../Core/Src/main.c:306:13:MX_ADC1_Init	24	static
../Core/Src/main.c:353:13:MX_CAN_Init	8	static
../Core/Src/main.c:390:13:MX_TIM2_Init	32	static
../Core/Src/main.c:438:13:MX_TIM3_Init	64	static
../Core/Src/main.c:500:13:MX_DMA_Init	16	static
../Core/Src/main.c:518:13:MX_GPIO_Init	40	static
../Core/Src/main.c:547:7:Interpolate_2D	96	static
../Core/Src/main.c:581:6:Read_Sensors_F	16	static
../Core/Src/main.c:599:6:Read_lookup_F	32	static
../Core/Src/main.c:622:6:Fire_Ignition_F	16	static
../Core/Src/main.c:640:6:Fire_Injection_F	16	static
../Core/Src/main.c:658:6:Send_CAN_F	16	static
../Core/Src/main.c:673:6:Error_Handler	4	static,ignoring_inline_asm
