../Core/Src/main.c:95:6:HAL_TIM_PeriodElapsedCallback	16	static
../Core/Src/main.c:111:5:main	160	static
../Core/Src/main.c:205:6:SystemClock_Config	88	static
../Core/Src/main.c:249:13:MX_ADC1_Init	24	static
../Core/Src/main.c:296:13:MX_CAN_Init	8	static
../Core/Src/main.c:333:13:MX_TIM2_Init	32	static
../Core/Src/main.c:381:13:MX_TIM3_Init	32	static
../Core/Src/main.c:424:13:MX_DMA_Init	16	static
../Core/Src/main.c:442:13:MX_GPIO_Init	40	static
../Core/Src/main.c:474:7:Interpolate_2D	96	static
../Core/Src/main.c:508:6:Read_Sensors_F	16	static
../Core/Src/main.c:526:6:Read_lookup_F	32	static
../Core/Src/main.c:546:6:Fire_Ignition_F	16	static
../Core/Src/main.c:564:6:Fire_Injection_F	16	static
../Core/Src/main.c:582:6:Send_CAN_F	16	static
../Core/Src/main.c:597:6:Error_Handler	4	static,ignoring_inline_asm
